2026-02-03 13:32:00.190 [main] INFO  com.mouse.bet.window.MSport - 🚀 🎯 Initializing MSport with Playwright...
2026-02-03 13:32:51.134 [main] INFO  com.mouse.bet.window.MSport - ✅ 🚀 Playwright initialized successfully
2026-02-03 13:32:51.135 [main] INFO  com.mouse.bet.window.MSport - Registering MSport Window for Bet placing
2026-02-03 13:33:03.122 [BettingWindow-1] INFO  com.mouse.bet.window.MSport - 🚀 🎯 Starting MSport attempt 1/3
2026-02-03 13:33:03.123 [BettingWindow-1] INFO  com.mouse.bet.window.MSport - ▶️ 🚀 Starting window entry process...
2026-02-03 13:33:03.431 [BettingWindow-1] INFO  com.mouse.bet.window.MSport - Loading existing browser context from: .\playwright-context\msport-context.json
2026-02-03 13:33:31.850 [BettingWindow-1] INFO  com.mouse.bet.window.MSport - Existing context loaded successfully
2026-02-03 13:33:33.490 [BettingWindow-1] INFO  com.mouse.bet.window.MSport - ✅ 🚀 New page created successfully
2026-02-03 13:33:45.720 [BettingWindow-1] INFO  com.mouse.bet.window.MSport - ✅ 🧭 Navigation to bookmaker completed
2026-02-03 13:34:21.110 [BettingWindow-1] INFO  com.mouse.bet.window.MSport - ✅ 🔐 User already logged in
2026-02-03 13:34:31.367 [BettingWindow-1] ERROR com.mouse.bet.window.MSport - ❌ ⚠️ Critical error in windowEntry: Failed to navigate to live events: Error {
  message='Timeout 10000ms exceeded.
  name='TimeoutError
  stack='TimeoutError: Timeout 10000ms exceeded.
    at ProgressController.run (C:\Users\USER\AppData\Local\Temp\playwright-java-8529135964436590538\package\lib\server\progress.js:68:28)
    at FrameDispatcher._runCommand (C:\Users\USER\AppData\Local\Temp\playwright-java-8529135964436590538\package\lib\server\dispatchers\dispatcher.js:95:31)
    at DispatcherConnection.dispatch (C:\Users\USER\AppData\Local\Temp\playwright-java-8529135964436590538\package\lib\server\dispatchers\dispatcher.js:329:39)
}
Call log:
-   - waiting for getByRole(AriaRole.LINK, new Page.GetByRoleOptions().setName("Live Betting").setExact(true))
-     - locator resolved to <a data-v-6e7c9463="" data-v-1af4b4ca="" href="/ng/web/sports/default/live_matches" class="nav-item tw-relative tw-block tw-whitespace-nowrap tw-font-medium tw-italic tw-text-[#fff] hover:tw-text-[#ffca27] tw-mr-[16px]">…</a>
-   - attempting click action
-     - waiting for element to be visible, enabled and stable
-     - element is visible, enabled and stable
-     - scrolling into view if needed
-     - done scrolling
-     - performing click action

java.lang.RuntimeException: Failed to navigate to live events: Error {
  message='Timeout 10000ms exceeded.
  name='TimeoutError
  stack='TimeoutError: Timeout 10000ms exceeded.
    at ProgressController.run (C:\Users\USER\AppData\Local\Temp\playwright-java-8529135964436590538\package\lib\server\progress.js:68:28)
    at FrameDispatcher._runCommand (C:\Users\USER\AppData\Local\Temp\playwright-java-8529135964436590538\package\lib\server\dispatchers\dispatcher.js:95:31)
    at DispatcherConnection.dispatch (C:\Users\USER\AppData\Local\Temp\playwright-java-8529135964436590538\package\lib\server\dispatchers\dispatcher.js:329:39)
}
Call log:
-   - waiting for getByRole(AriaRole.LINK, new Page.GetByRoleOptions().setName("Live Betting").setExact(true))
-     - locator resolved to <a data-v-6e7c9463="" data-v-1af4b4ca="" href="/ng/web/sports/default/live_matches" class="nav-item tw-relative tw-block tw-whitespace-nowrap tw-font-medium tw-italic tw-text-[#fff] hover:tw-text-[#ffca27] tw-mr-[16px]">…</a>
-   - attempting click action
-     - waiting for element to be visible, enabled and stable
-     - element is visible, enabled and stable
-     - scrolling into view if needed
-     - done scrolling
-     - performing click action

	at com.mouse.bet.util.msport.MSportNavigationUtil.navigateToLiveEvents(MSportNavigationUtil.java:123)
	at com.mouse.bet.window.MSport.windowEntry(MSport.java:1067)
	at com.mouse.bet.window.MSport.run(MSport.java:948)
	at com.mouse.bet.window.Player.lambda$bookMakerFuture$0(Player.java:146)
	at java.base/java.util.concurrent.Executors$RunnableAdapter.call(Executors.java:539)
	at java.base/java.util.concurrent.FutureTask.run(FutureTask.java:264)
	at java.base/java.util.concurrent.ThreadPoolExecutor.runWorker(ThreadPoolExecutor.java:1136)
	at java.base/java.util.concurrent.ThreadPoolExecutor$Worker.run(ThreadPoolExecutor.java:635)
	at java.base/java.lang.Thread.run(Thread.java:840)
Caused by: com.microsoft.playwright.TimeoutError: Error {
  message='Timeout 10000ms exceeded.
  name='TimeoutError
  stack='TimeoutError: Timeout 10000ms exceeded.
    at ProgressController.run (C:\Users\USER\AppData\Local\Temp\playwright-java-8529135964436590538\package\lib\server\progress.js:68:28)
    at FrameDispatcher._runCommand (C:\Users\USER\AppData\Local\Temp\playwright-java-8529135964436590538\package\lib\server\dispatchers\dispatcher.js:95:31)
    at DispatcherConnection.dispatch (C:\Users\USER\AppData\Local\Temp\playwright-java-8529135964436590538\package\lib\server\dispatchers\dispatcher.js:329:39)
}
Call log:
-   - waiting for getByRole(AriaRole.LINK, new Page.GetByRoleOptions().setName("Live Betting").setExact(true))
-     - locator resolved to <a data-v-6e7c9463="" data-v-1af4b4ca="" href="/ng/web/sports/default/live_matches" class="nav-item tw-relative tw-block tw-whitespace-nowrap tw-font-medium tw-italic tw-text-[#fff] hover:tw-text-[#ffca27] tw-mr-[16px]">…</a>
-   - attempting click action
-     - waiting for element to be visible, enabled and stable
-     - element is visible, enabled and stable
-     - scrolling into view if needed
-     - done scrolling
-     - performing click action

	at com.microsoft.playwright.impl.WaitableResult.get(WaitableResult.java:52)
	at com.microsoft.playwright.impl.ChannelOwner.runUntil(ChannelOwner.java:138)
	at com.microsoft.playwright.impl.Connection.sendMessage(Connection.java:131)
	at com.microsoft.playwright.impl.ChannelOwner.sendMessage(ChannelOwner.java:124)
	at com.microsoft.playwright.impl.FrameImpl.clickImpl(FrameImpl.java:244)
	at com.microsoft.playwright.impl.LocatorImpl.click(LocatorImpl.java:164)
	at com.mouse.bet.util.msport.MSportNavigationUtil.navigateToLiveEvents(MSportNavigationUtil.java:110)
	... 8 common frames omitted
Caused by: com.microsoft.playwright.TimeoutError: Error {
  message='Timeout 10000ms exceeded.
  name='TimeoutError
  stack='TimeoutError: Timeout 10000ms exceeded.
    at ProgressController.run (C:\Users\USER\AppData\Local\Temp\playwright-java-8529135964436590538\package\lib\server\progress.js:68:28)
    at FrameDispatcher._runCommand (C:\Users\USER\AppData\Local\Temp\playwright-java-8529135964436590538\package\lib\server\dispatchers\dispatcher.js:95:31)
    at DispatcherConnection.dispatch (C:\Users\USER\AppData\Local\Temp\playwright-java-8529135964436590538\package\lib\server\dispatchers\dispatcher.js:329:39)
}
Call log:
-   - waiting for getByRole(AriaRole.LINK, new Page.GetByRoleOptions().setName("Live Betting").setExact(true))
-     - locator resolved to <a data-v-6e7c9463="" data-v-1af4b4ca="" href="/ng/web/sports/default/live_matches" class="nav-item tw-relative tw-block tw-whitespace-nowrap tw-font-medium tw-italic tw-text-[#fff] hover:tw-text-[#ffca27] tw-mr-[16px]">…</a>
-   - attempting click action
-     - waiting for element to be visible, enabled and stable
-     - element is visible, enabled and stable
-     - scrolling into view if needed
-     - done scrolling
-     - performing click action

	at com.microsoft.playwright.impl.Connection.dispatch(Connection.java:257)
	at com.microsoft.playwright.impl.Connection.processOneMessage(Connection.java:214)
	at com.microsoft.playwright.impl.ChannelOwner.runUntil(ChannelOwner.java:136)
	... 13 common frames omitted
2026-02-03 13:34:39.678 [BettingWindow-1] INFO  com.mouse.bet.window.MSport - Browser context saved to: .\playwright-context\msport-context.json
2026-02-03 13:34:39.678 [BettingWindow-1] INFO  com.mouse.bet.window.MSport - ✅ 🛑 Window entry completed
2026-02-03 13:34:39.679 [BettingWindow-1] ERROR com.mouse.bet.window.MSport - ❌ ⚠️ Unexpected error on attempt 1: Failed to navigate to live events: Error {
  message='Timeout 10000ms exceeded.
  name='TimeoutError
  stack='TimeoutError: Timeout 10000ms exceeded.
    at ProgressController.run (C:\Users\USER\AppData\Local\Temp\playwright-java-8529135964436590538\package\lib\server\progress.js:68:28)
    at FrameDispatcher._runCommand (C:\Users\USER\AppData\Local\Temp\playwright-java-8529135964436590538\package\lib\server\dispatchers\dispatcher.js:95:31)
    at DispatcherConnection.dispatch (C:\Users\USER\AppData\Local\Temp\playwright-java-8529135964436590538\package\lib\server\dispatchers\dispatcher.js:329:39)
}
Call log:
-   - waiting for getByRole(AriaRole.LINK, new Page.GetByRoleOptions().setName("Live Betting").setExact(true))
-     - locator resolved to <a data-v-6e7c9463="" data-v-1af4b4ca="" href="/ng/web/sports/default/live_matches" class="nav-item tw-relative tw-block tw-whitespace-nowrap tw-font-medium tw-italic tw-text-[#fff] hover:tw-text-[#ffca27] tw-mr-[16px]">…</a>
-   - attempting click action
-     - waiting for element to be visible, enabled and stable
-     - element is visible, enabled and stable
-     - scrolling into view if needed
-     - done scrolling
-     - performing click action

java.lang.RuntimeException: Failed to navigate to live events: Error {
  message='Timeout 10000ms exceeded.
  name='TimeoutError
  stack='TimeoutError: Timeout 10000ms exceeded.
    at ProgressController.run (C:\Users\USER\AppData\Local\Temp\playwright-java-8529135964436590538\package\lib\server\progress.js:68:28)
    at FrameDispatcher._runCommand (C:\Users\USER\AppData\Local\Temp\playwright-java-8529135964436590538\package\lib\server\dispatchers\dispatcher.js:95:31)
    at DispatcherConnection.dispatch (C:\Users\USER\AppData\Local\Temp\playwright-java-8529135964436590538\package\lib\server\dispatchers\dispatcher.js:329:39)
}
Call log:
-   - waiting for getByRole(AriaRole.LINK, new Page.GetByRoleOptions().setName("Live Betting").setExact(true))
-     - locator resolved to <a data-v-6e7c9463="" data-v-1af4b4ca="" href="/ng/web/sports/default/live_matches" class="nav-item tw-relative tw-block tw-whitespace-nowrap tw-font-medium tw-italic tw-text-[#fff] hover:tw-text-[#ffca27] tw-mr-[16px]">…</a>
-   - attempting click action
-     - waiting for element to be visible, enabled and stable
-     - element is visible, enabled and stable
-     - scrolling into view if needed
-     - done scrolling
-     - performing click action

	at com.mouse.bet.util.msport.MSportNavigationUtil.navigateToLiveEvents(MSportNavigationUtil.java:123)
	at com.mouse.bet.window.MSport.windowEntry(MSport.java:1067)
	at com.mouse.bet.window.MSport.run(MSport.java:948)
	at com.mouse.bet.window.Player.lambda$bookMakerFuture$0(Player.java:146)
	at java.base/java.util.concurrent.Executors$RunnableAdapter.call(Executors.java:539)
	at java.base/java.util.concurrent.FutureTask.run(FutureTask.java:264)
	at java.base/java.util.concurrent.ThreadPoolExecutor.runWorker(ThreadPoolExecutor.java:1136)
	at java.base/java.util.concurrent.ThreadPoolExecutor$Worker.run(ThreadPoolExecutor.java:635)
	at java.base/java.lang.Thread.run(Thread.java:840)
Caused by: com.microsoft.playwright.TimeoutError: Error {
  message='Timeout 10000ms exceeded.
  name='TimeoutError
  stack='TimeoutError: Timeout 10000ms exceeded.
    at ProgressController.run (C:\Users\USER\AppData\Local\Temp\playwright-java-8529135964436590538\package\lib\server\progress.js:68:28)
    at FrameDispatcher._runCommand (C:\Users\USER\AppData\Local\Temp\playwright-java-8529135964436590538\package\lib\server\dispatchers\dispatcher.js:95:31)
    at DispatcherConnection.dispatch (C:\Users\USER\AppData\Local\Temp\playwright-java-8529135964436590538\package\lib\server\dispatchers\dispatcher.js:329:39)
}
Call log:
-   - waiting for getByRole(AriaRole.LINK, new Page.GetByRoleOptions().setName("Live Betting").setExact(true))
-     - locator resolved to <a data-v-6e7c9463="" data-v-1af4b4ca="" href="/ng/web/sports/default/live_matches" class="nav-item tw-relative tw-block tw-whitespace-nowrap tw-font-medium tw-italic tw-text-[#fff] hover:tw-text-[#ffca27] tw-mr-[16px]">…</a>
-   - attempting click action
-     - waiting for element to be visible, enabled and stable
-     - element is visible, enabled and stable
-     - scrolling into view if needed
-     - done scrolling
-     - performing click action

	at com.microsoft.playwright.impl.WaitableResult.get(WaitableResult.java:52)
	at com.microsoft.playwright.impl.ChannelOwner.runUntil(ChannelOwner.java:138)
	at com.microsoft.playwright.impl.Connection.sendMessage(Connection.java:131)
	at com.microsoft.playwright.impl.ChannelOwner.sendMessage(ChannelOwner.java:124)
	at com.microsoft.playwright.impl.FrameImpl.clickImpl(FrameImpl.java:244)
	at com.microsoft.playwright.impl.LocatorImpl.click(LocatorImpl.java:164)
	at com.mouse.bet.util.msport.MSportNavigationUtil.navigateToLiveEvents(MSportNavigationUtil.java:110)
	... 8 common frames omitted
Caused by: com.microsoft.playwright.TimeoutError: Error {
  message='Timeout 10000ms exceeded.
  name='TimeoutError
  stack='TimeoutError: Timeout 10000ms exceeded.
    at ProgressController.run (C:\Users\USER\AppData\Local\Temp\playwright-java-8529135964436590538\package\lib\server\progress.js:68:28)
    at FrameDispatcher._runCommand (C:\Users\USER\AppData\Local\Temp\playwright-java-8529135964436590538\package\lib\server\dispatchers\dispatcher.js:95:31)
    at DispatcherConnection.dispatch (C:\Users\USER\AppData\Local\Temp\playwright-java-8529135964436590538\package\lib\server\dispatchers\dispatcher.js:329:39)
}
Call log:
-   - waiting for getByRole(AriaRole.LINK, new Page.GetByRoleOptions().setName("Live Betting").setExact(true))
-     - locator resolved to <a data-v-6e7c9463="" data-v-1af4b4ca="" href="/ng/web/sports/default/live_matches" class="nav-item tw-relative tw-block tw-whitespace-nowrap tw-font-medium tw-italic tw-text-[#fff] hover:tw-text-[#ffca27] tw-mr-[16px]">…</a>
-   - attempting click action
-     - waiting for element to be visible, enabled and stable
-     - element is visible, enabled and stable
-     - scrolling into view if needed
-     - done scrolling
-     - performing click action

	at com.microsoft.playwright.impl.Connection.dispatch(Connection.java:257)
	at com.microsoft.playwright.impl.Connection.processOneMessage(Connection.java:214)
	at com.microsoft.playwright.impl.ChannelOwner.runUntil(ChannelOwner.java:136)
	... 13 common frames omitted
2026-02-03 13:34:39.679 [BettingWindow-1] INFO  com.mouse.bet.window.MSport - 🔄 🚀 Recreating browser context...
2026-02-03 13:34:40.046 [BettingWindow-1] INFO  com.mouse.bet.window.MSport - Old context closed successfully
2026-02-03 13:34:41.053 [BettingWindow-1] INFO  com.mouse.bet.window.MSport - ⏰ 🔄 Waiting 2000ms before retry attempt 2...
2026-02-03 13:34:43.061 [BettingWindow-1] INFO  com.mouse.bet.window.MSport - 🚀 🎯 Starting MSport attempt 2/3
2026-02-03 13:34:43.061 [BettingWindow-1] INFO  com.mouse.bet.window.MSport - ▶️ 🚀 Starting window entry process...
2026-02-03 13:34:46.486 [BettingWindow-1] INFO  com.mouse.bet.window.MSport - Loading existing browser context from: .\playwright-context\msport-context.json
2026-02-03 13:34:47.233 [BettingWindow-1] INFO  com.mouse.bet.window.MSport - Existing context loaded successfully
2026-02-03 13:34:47.335 [BettingWindow-1] INFO  com.mouse.bet.window.MSport - ✅ 🚀 New page created successfully
2026-02-03 13:35:22.686 [BettingWindow-1] INFO  com.mouse.bet.window.MSport - ✅ 🧭 Navigation to bookmaker completed
2026-02-03 13:35:23.346 [BettingWindow-1] INFO  com.mouse.bet.window.MSport - ✅ 🔐 User already logged in
2026-02-03 13:35:45.659 [BettingWindow-1] ERROR com.mouse.bet.window.MSport - ❌ ⚠️ Critical error in windowEntry: Error {
  message='Timeout 12000ms exceeded.
  name='TimeoutError
  stack='TimeoutError: Timeout 12000ms exceeded.
    at ProgressController.run (C:\Users\USER\AppData\Local\Temp\playwright-java-8529135964436590538\package\lib\server\progress.js:68:28)
    at FrameDispatcher._runCommand (C:\Users\USER\AppData\Local\Temp\playwright-java-8529135964436590538\package\lib\server\dispatchers\dispatcher.js:95:31)
    at DispatcherConnection.dispatch (C:\Users\USER\AppData\Local\Temp\playwright-java-8529135964436590538\package\lib\server\dispatchers\dispatcher.js:329:39)
}
Call log:
-   - waiting for locator(".m-nav-item:has(.m-label:text-is('Table Tennis'))")

com.microsoft.playwright.TimeoutError: Error {
  message='Timeout 12000ms exceeded.
  name='TimeoutError
  stack='TimeoutError: Timeout 12000ms exceeded.
    at ProgressController.run (C:\Users\USER\AppData\Local\Temp\playwright-java-8529135964436590538\package\lib\server\progress.js:68:28)
    at FrameDispatcher._runCommand (C:\Users\USER\AppData\Local\Temp\playwright-java-8529135964436590538\package\lib\server\dispatchers\dispatcher.js:95:31)
    at DispatcherConnection.dispatch (C:\Users\USER\AppData\Local\Temp\playwright-java-8529135964436590538\package\lib\server\dispatchers\dispatcher.js:329:39)
}
Call log:
-   - waiting for locator(".m-nav-item:has(.m-label:text-is('Table Tennis'))")

	at com.microsoft.playwright.impl.WaitableResult.get(WaitableResult.java:52)
	at com.microsoft.playwright.impl.ChannelOwner.runUntil(ChannelOwner.java:138)
	at com.microsoft.playwright.impl.Connection.sendMessage(Connection.java:131)
	at com.microsoft.playwright.impl.ChannelOwner.sendMessage(ChannelOwner.java:124)
	at com.microsoft.playwright.impl.FrameImpl.clickImpl(FrameImpl.java:244)
	at com.microsoft.playwright.impl.LocatorImpl.click(LocatorImpl.java:164)
	at com.mouse.bet.util.msport.MSportNavigationUtil.clickVisibleSportTab(MSportNavigationUtil.java:206)
	at com.mouse.bet.util.msport.MSportNavigationUtil.switchToLiveSport(MSportNavigationUtil.java:193)
	at com.mouse.bet.util.msport.MSportNavigationUtil.navigateToSportPage(MSportNavigationUtil.java:146)
	at com.mouse.bet.window.MSport.windowEntry(MSport.java:1071)
	at com.mouse.bet.window.MSport.run(MSport.java:948)
	at com.mouse.bet.window.Player.lambda$bookMakerFuture$0(Player.java:146)
	at java.base/java.util.concurrent.Executors$RunnableAdapter.call(Executors.java:539)
	at java.base/java.util.concurrent.FutureTask.run(FutureTask.java:264)
	at java.base/java.util.concurrent.ThreadPoolExecutor.runWorker(ThreadPoolExecutor.java:1136)
	at java.base/java.util.concurrent.ThreadPoolExecutor$Worker.run(ThreadPoolExecutor.java:635)
	at java.base/java.lang.Thread.run(Thread.java:840)
Caused by: com.microsoft.playwright.TimeoutError: Error {
  message='Timeout 12000ms exceeded.
  name='TimeoutError
  stack='TimeoutError: Timeout 12000ms exceeded.
    at ProgressController.run (C:\Users\USER\AppData\Local\Temp\playwright-java-8529135964436590538\package\lib\server\progress.js:68:28)
    at FrameDispatcher._runCommand (C:\Users\USER\AppData\Local\Temp\playwright-java-8529135964436590538\package\lib\server\dispatchers\dispatcher.js:95:31)
    at DispatcherConnection.dispatch (C:\Users\USER\AppData\Local\Temp\playwright-java-8529135964436590538\package\lib\server\dispatchers\dispatcher.js:329:39)
}
Call log:
-   - waiting for locator(".m-nav-item:has(.m-label:text-is('Table Tennis'))")

	at com.microsoft.playwright.impl.Connection.dispatch(Connection.java:257)
	at com.microsoft.playwright.impl.Connection.processOneMessage(Connection.java:214)
	at com.microsoft.playwright.impl.ChannelOwner.runUntil(ChannelOwner.java:136)
	... 15 common frames omitted
2026-02-03 13:35:57.260 [BettingWindow-1] INFO  com.mouse.bet.window.MSport - Browser context saved to: .\playwright-context\msport-context.json
2026-02-03 13:35:57.260 [BettingWindow-1] INFO  com.mouse.bet.window.MSport - ✅ 🛑 Window entry completed
2026-02-03 13:35:57.260 [BettingWindow-1] ERROR com.mouse.bet.window.MSport - ❌ 🎯 Unexpected Playwright error: Error {
  message='Timeout 12000ms exceeded.
  name='TimeoutError
  stack='TimeoutError: Timeout 12000ms exceeded.
    at ProgressController.run (C:\Users\USER\AppData\Local\Temp\playwright-java-8529135964436590538\package\lib\server\progress.js:68:28)
    at FrameDispatcher._runCommand (C:\Users\USER\AppData\Local\Temp\playwright-java-8529135964436590538\package\lib\server\dispatchers\dispatcher.js:95:31)
    at DispatcherConnection.dispatch (C:\Users\USER\AppData\Local\Temp\playwright-java-8529135964436590538\package\lib\server\dispatchers\dispatcher.js:329:39)
}
Call log:
-   - waiting for locator(".m-nav-item:has(.m-label:text-is('Table Tennis'))")

com.microsoft.playwright.TimeoutError: Error {
  message='Timeout 12000ms exceeded.
  name='TimeoutError
  stack='TimeoutError: Timeout 12000ms exceeded.
    at ProgressController.run (C:\Users\USER\AppData\Local\Temp\playwright-java-8529135964436590538\package\lib\server\progress.js:68:28)
    at FrameDispatcher._runCommand (C:\Users\USER\AppData\Local\Temp\playwright-java-8529135964436590538\package\lib\server\dispatchers\dispatcher.js:95:31)
    at DispatcherConnection.dispatch (C:\Users\USER\AppData\Local\Temp\playwright-java-8529135964436590538\package\lib\server\dispatchers\dispatcher.js:329:39)
}
Call log:
-   - waiting for locator(".m-nav-item:has(.m-label:text-is('Table Tennis'))")

	at com.microsoft.playwright.impl.WaitableResult.get(WaitableResult.java:52)
	at com.microsoft.playwright.impl.ChannelOwner.runUntil(ChannelOwner.java:138)
	at com.microsoft.playwright.impl.Connection.sendMessage(Connection.java:131)
	at com.microsoft.playwright.impl.ChannelOwner.sendMessage(ChannelOwner.java:124)
	at com.microsoft.playwright.impl.FrameImpl.clickImpl(FrameImpl.java:244)
	at com.microsoft.playwright.impl.LocatorImpl.click(LocatorImpl.java:164)
	at com.mouse.bet.util.msport.MSportNavigationUtil.clickVisibleSportTab(MSportNavigationUtil.java:206)
	at com.mouse.bet.util.msport.MSportNavigationUtil.switchToLiveSport(MSportNavigationUtil.java:193)
	at com.mouse.bet.util.msport.MSportNavigationUtil.navigateToSportPage(MSportNavigationUtil.java:146)
	at com.mouse.bet.window.MSport.windowEntry(MSport.java:1071)
	at com.mouse.bet.window.MSport.run(MSport.java:948)
	at com.mouse.bet.window.Player.lambda$bookMakerFuture$0(Player.java:146)
	at java.base/java.util.concurrent.Executors$RunnableAdapter.call(Executors.java:539)
	at java.base/java.util.concurrent.FutureTask.run(FutureTask.java:264)
	at java.base/java.util.concurrent.ThreadPoolExecutor.runWorker(ThreadPoolExecutor.java:1136)
	at java.base/java.util.concurrent.ThreadPoolExecutor$Worker.run(ThreadPoolExecutor.java:635)
	at java.base/java.lang.Thread.run(Thread.java:840)
Caused by: com.microsoft.playwright.TimeoutError: Error {
  message='Timeout 12000ms exceeded.
  name='TimeoutError
  stack='TimeoutError: Timeout 12000ms exceeded.
    at ProgressController.run (C:\Users\USER\AppData\Local\Temp\playwright-java-8529135964436590538\package\lib\server\progress.js:68:28)
    at FrameDispatcher._runCommand (C:\Users\USER\AppData\Local\Temp\playwright-java-8529135964436590538\package\lib\server\dispatchers\dispatcher.js:95:31)
    at DispatcherConnection.dispatch (C:\Users\USER\AppData\Local\Temp\playwright-java-8529135964436590538\package\lib\server\dispatchers\dispatcher.js:329:39)
}
Call log:
-   - waiting for locator(".m-nav-item:has(.m-label:text-is('Table Tennis'))")

	at com.microsoft.playwright.impl.Connection.dispatch(Connection.java:257)
	at com.microsoft.playwright.impl.Connection.processOneMessage(Connection.java:214)
	at com.microsoft.playwright.impl.ChannelOwner.runUntil(ChannelOwner.java:136)
	... 15 common frames omitted
2026-02-03 13:35:57.260 [BettingWindow-1] INFO  com.mouse.bet.window.MSport - 🔄 🚀 Recreating browser context...
2026-02-03 13:35:57.269 [BettingWindow-1] INFO  com.mouse.bet.window.MSport - Old context closed successfully
2026-02-03 13:35:58.271 [BettingWindow-1] INFO  com.mouse.bet.window.MSport - ⏰ 🔄 Waiting 4000ms before retry attempt 3...
2026-02-03 13:36:02.273 [BettingWindow-1] INFO  com.mouse.bet.window.MSport - 🚀 🎯 Starting MSport attempt 3/3
2026-02-03 13:36:02.273 [BettingWindow-1] INFO  com.mouse.bet.window.MSport - ▶️ 🚀 Starting window entry process...
2026-02-03 13:36:02.562 [BettingWindow-1] INFO  com.mouse.bet.window.MSport - Loading existing browser context from: .\playwright-context\msport-context.json
2026-02-03 13:36:05.776 [BettingWindow-1] INFO  com.mouse.bet.window.MSport - Existing context loaded successfully
2026-02-03 13:36:06.594 [BettingWindow-1] INFO  com.mouse.bet.window.MSport - ✅ 🚀 New page created successfully
2026-02-03 13:36:19.583 [BettingWindow-1] INFO  com.mouse.bet.window.MSport - ✅ 🧭 Navigation to bookmaker completed
2026-02-03 13:36:19.809 [BettingWindow-1] INFO  com.mouse.bet.window.MSport - ℹ️ 🔐 User not logged in, attempting login...
2026-02-03 13:36:29.861 [BettingWindow-1] ERROR com.mouse.bet.window.MSport - ❌ ⚠️ Critical error in windowEntry: Login timeout: Error {
  message='Timeout 10000ms exceeded.
  name='TimeoutError
  stack='TimeoutError: Timeout 10000ms exceeded.
    at ProgressController.run (C:\Users\USER\AppData\Local\Temp\playwright-java-8529135964436590538\package\lib\server\progress.js:68:28)
    at FrameDispatcher._runCommand (C:\Users\USER\AppData\Local\Temp\playwright-java-8529135964436590538\package\lib\server\dispatchers\dispatcher.js:95:31)
    at DispatcherConnection.dispatch (C:\Users\USER\AppData\Local\Temp\playwright-java-8529135964436590538\package\lib\server\dispatchers\dispatcher.js:329:39)
}
Call log:
-   - waiting for locator("input[type='tel'][placeholder='Mobile Phone']") to be visible

java.lang.Exception: Login timeout: Error {
  message='Timeout 10000ms exceeded.
  name='TimeoutError
  stack='TimeoutError: Timeout 10000ms exceeded.
    at ProgressController.run (C:\Users\USER\AppData\Local\Temp\playwright-java-8529135964436590538\package\lib\server\progress.js:68:28)
    at FrameDispatcher._runCommand (C:\Users\USER\AppData\Local\Temp\playwright-java-8529135964436590538\package\lib\server\dispatchers\dispatcher.js:95:31)
    at DispatcherConnection.dispatch (C:\Users\USER\AppData\Local\Temp\playwright-java-8529135964436590538\package\lib\server\dispatchers\dispatcher.js:329:39)
}
Call log:
-   - waiting for locator("input[type='tel'][placeholder='Mobile Phone']") to be visible

	at com.mouse.bet.util.msport.MSportLoginUtil.performLogin(MSportLoginUtil.java:124)
	at com.mouse.bet.window.MSport.windowEntry(MSport.java:1054)
	at com.mouse.bet.window.MSport.run(MSport.java:948)
	at com.mouse.bet.window.Player.lambda$bookMakerFuture$0(Player.java:146)
	at java.base/java.util.concurrent.Executors$RunnableAdapter.call(Executors.java:539)
	at java.base/java.util.concurrent.FutureTask.run(FutureTask.java:264)
	at java.base/java.util.concurrent.ThreadPoolExecutor.runWorker(ThreadPoolExecutor.java:1136)
	at java.base/java.util.concurrent.ThreadPoolExecutor$Worker.run(ThreadPoolExecutor.java:635)
	at java.base/java.lang.Thread.run(Thread.java:840)
Caused by: com.microsoft.playwright.TimeoutError: Error {
  message='Timeout 10000ms exceeded.
  name='TimeoutError
  stack='TimeoutError: Timeout 10000ms exceeded.
    at ProgressController.run (C:\Users\USER\AppData\Local\Temp\playwright-java-8529135964436590538\package\lib\server\progress.js:68:28)
    at FrameDispatcher._runCommand (C:\Users\USER\AppData\Local\Temp\playwright-java-8529135964436590538\package\lib\server\dispatchers\dispatcher.js:95:31)
    at DispatcherConnection.dispatch (C:\Users\USER\AppData\Local\Temp\playwright-java-8529135964436590538\package\lib\server\dispatchers\dispatcher.js:329:39)
}
Call log:
-   - waiting for locator("input[type='tel'][placeholder='Mobile Phone']") to be visible

	at com.microsoft.playwright.impl.WaitableResult.get(WaitableResult.java:52)
	at com.microsoft.playwright.impl.ChannelOwner.runUntil(ChannelOwner.java:138)
	at com.microsoft.playwright.impl.Connection.sendMessage(Connection.java:131)
	at com.microsoft.playwright.impl.ChannelOwner.sendMessage(ChannelOwner.java:124)
	at com.microsoft.playwright.impl.FrameImpl.waitForSelectorImpl(FrameImpl.java:998)
	at com.microsoft.playwright.impl.LocatorImpl.waitFor(LocatorImpl.java:646)
	at com.mouse.bet.util.msport.MSportLoginUtil.performLogin(MSportLoginUtil.java:69)
	... 8 common frames omitted
Caused by: com.microsoft.playwright.TimeoutError: Error {
  message='Timeout 10000ms exceeded.
  name='TimeoutError
  stack='TimeoutError: Timeout 10000ms exceeded.
    at ProgressController.run (C:\Users\USER\AppData\Local\Temp\playwright-java-8529135964436590538\package\lib\server\progress.js:68:28)
    at FrameDispatcher._runCommand (C:\Users\USER\AppData\Local\Temp\playwright-java-8529135964436590538\package\lib\server\dispatchers\dispatcher.js:95:31)
    at DispatcherConnection.dispatch (C:\Users\USER\AppData\Local\Temp\playwright-java-8529135964436590538\package\lib\server\dispatchers\dispatcher.js:329:39)
}
Call log:
-   - waiting for locator("input[type='tel'][placeholder='Mobile Phone']") to be visible

	at com.microsoft.playwright.impl.Connection.dispatch(Connection.java:257)
	at com.microsoft.playwright.impl.Connection.processOneMessage(Connection.java:214)
	at com.microsoft.playwright.impl.ChannelOwner.runUntil(ChannelOwner.java:136)
	... 13 common frames omitted
2026-02-03 13:36:32.608 [BettingWindow-1] INFO  com.mouse.bet.window.MSport - Browser context saved to: .\playwright-context\msport-context.json
2026-02-03 13:36:32.608 [BettingWindow-1] INFO  com.mouse.bet.window.MSport - ✅ 🛑 Window entry completed
2026-02-03 13:36:32.608 [BettingWindow-1] ERROR com.mouse.bet.window.MSport - ❌ ⚠️ Unexpected error on attempt 3: Login timeout: Error {
  message='Timeout 10000ms exceeded.
  name='TimeoutError
  stack='TimeoutError: Timeout 10000ms exceeded.
    at ProgressController.run (C:\Users\USER\AppData\Local\Temp\playwright-java-8529135964436590538\package\lib\server\progress.js:68:28)
    at FrameDispatcher._runCommand (C:\Users\USER\AppData\Local\Temp\playwright-java-8529135964436590538\package\lib\server\dispatchers\dispatcher.js:95:31)
    at DispatcherConnection.dispatch (C:\Users\USER\AppData\Local\Temp\playwright-java-8529135964436590538\package\lib\server\dispatchers\dispatcher.js:329:39)
}
Call log:
-   - waiting for locator("input[type='tel'][placeholder='Mobile Phone']") to be visible

java.lang.Exception: Login timeout: Error {
  message='Timeout 10000ms exceeded.
  name='TimeoutError
  stack='TimeoutError: Timeout 10000ms exceeded.
    at ProgressController.run (C:\Users\USER\AppData\Local\Temp\playwright-java-8529135964436590538\package\lib\server\progress.js:68:28)
    at FrameDispatcher._runCommand (C:\Users\USER\AppData\Local\Temp\playwright-java-8529135964436590538\package\lib\server\dispatchers\dispatcher.js:95:31)
    at DispatcherConnection.dispatch (C:\Users\USER\AppData\Local\Temp\playwright-java-8529135964436590538\package\lib\server\dispatchers\dispatcher.js:329:39)
}
Call log:
-   - waiting for locator("input[type='tel'][placeholder='Mobile Phone']") to be visible

	at com.mouse.bet.util.msport.MSportLoginUtil.performLogin(MSportLoginUtil.java:124)
	at com.mouse.bet.window.MSport.windowEntry(MSport.java:1054)
	at com.mouse.bet.window.MSport.run(MSport.java:948)
	at com.mouse.bet.window.Player.lambda$bookMakerFuture$0(Player.java:146)
	at java.base/java.util.concurrent.Executors$RunnableAdapter.call(Executors.java:539)
	at java.base/java.util.concurrent.FutureTask.run(FutureTask.java:264)
	at java.base/java.util.concurrent.ThreadPoolExecutor.runWorker(ThreadPoolExecutor.java:1136)
	at java.base/java.util.concurrent.ThreadPoolExecutor$Worker.run(ThreadPoolExecutor.java:635)
	at java.base/java.lang.Thread.run(Thread.java:840)
Caused by: com.microsoft.playwright.TimeoutError: Error {
  message='Timeout 10000ms exceeded.
  name='TimeoutError
  stack='TimeoutError: Timeout 10000ms exceeded.
    at ProgressController.run (C:\Users\USER\AppData\Local\Temp\playwright-java-8529135964436590538\package\lib\server\progress.js:68:28)
    at FrameDispatcher._runCommand (C:\Users\USER\AppData\Local\Temp\playwright-java-8529135964436590538\package\lib\server\dispatchers\dispatcher.js:95:31)
    at DispatcherConnection.dispatch (C:\Users\USER\AppData\Local\Temp\playwright-java-8529135964436590538\package\lib\server\dispatchers\dispatcher.js:329:39)
}
Call log:
-   - waiting for locator("input[type='tel'][placeholder='Mobile Phone']") to be visible

	at com.microsoft.playwright.impl.WaitableResult.get(WaitableResult.java:52)
	at com.microsoft.playwright.impl.ChannelOwner.runUntil(ChannelOwner.java:138)
	at com.microsoft.playwright.impl.Connection.sendMessage(Connection.java:131)
	at com.microsoft.playwright.impl.ChannelOwner.sendMessage(ChannelOwner.java:124)
	at com.microsoft.playwright.impl.FrameImpl.waitForSelectorImpl(FrameImpl.java:998)
	at com.microsoft.playwright.impl.LocatorImpl.waitFor(LocatorImpl.java:646)
	at com.mouse.bet.util.msport.MSportLoginUtil.performLogin(MSportLoginUtil.java:69)
	... 8 common frames omitted
Caused by: com.microsoft.playwright.TimeoutError: Error {
  message='Timeout 10000ms exceeded.
  name='TimeoutError
  stack='TimeoutError: Timeout 10000ms exceeded.
    at ProgressController.run (C:\Users\USER\AppData\Local\Temp\playwright-java-8529135964436590538\package\lib\server\progress.js:68:28)
    at FrameDispatcher._runCommand (C:\Users\USER\AppData\Local\Temp\playwright-java-8529135964436590538\package\lib\server\dispatchers\dispatcher.js:95:31)
    at DispatcherConnection.dispatch (C:\Users\USER\AppData\Local\Temp\playwright-java-8529135964436590538\package\lib\server\dispatchers\dispatcher.js:329:39)
}
Call log:
-   - waiting for locator("input[type='tel'][placeholder='Mobile Phone']") to be visible

	at com.microsoft.playwright.impl.Connection.dispatch(Connection.java:257)
	at com.microsoft.playwright.impl.Connection.processOneMessage(Connection.java:214)
	at com.microsoft.playwright.impl.ChannelOwner.runUntil(ChannelOwner.java:136)
	... 13 common frames omitted
2026-02-03 13:36:32.608 [BettingWindow-1] ERROR com.mouse.bet.window.MSport - ❌ 🎯 All retry attempts exhausted for profile ipadpro-safari: Failed after 3 attempts. Last error: Login timeout: Error {
  message='Timeout 10000ms exceeded.
  name='TimeoutError
  stack='TimeoutError: Timeout 10000ms exceeded.
    at ProgressController.run (C:\Users\USER\AppData\Local\Temp\playwright-java-8529135964436590538\package\lib\server\progress.js:68:28)
    at FrameDispatcher._runCommand (C:\Users\USER\AppData\Local\Temp\playwright-java-8529135964436590538\package\lib\server\dispatchers\dispatcher.js:95:31)
    at DispatcherConnection.dispatch (C:\Users\USER\AppData\Local\Temp\playwright-java-8529135964436590538\package\lib\server\dispatchers\dispatcher.js:329:39)
}
Call log:
-   - waiting for locator("input[type='tel'][placeholder='Mobile Phone']") to be visible

