2026-01-18 00:56:24.565 [main] INFO  com.mouse.bet.window.OneWin - 🚀 🎯 Initializing OneWin with Playwright...
2026-01-18 00:56:26.510 [main] INFO  com.mouse.bet.window.OneWin - ✅ 🚀 Playwright initialized successfully
2026-01-18 00:56:26.511 [main] INFO  com.mouse.bet.window.OneWin - Registering OneWin Window for Bet placing
2026-01-18 00:58:06.549 [BettingWindow-3] INFO  com.mouse.bet.window.OneWin - 🚀 🎯 Starting OneWin attempt 1/3
2026-01-18 00:58:06.549 [BettingWindow-3] INFO  com.mouse.bet.window.OneWin - ▶️ 🚀 Starting window entry process...
2026-01-18 00:58:06.550 [BettingWindow-3] INFO  com.mouse.bet.window.OneWin - Loading existing browser context from: .\playwright-context\onewin-context.json
2026-01-18 00:58:07.947 [BettingWindow-3] INFO  com.mouse.bet.window.OneWin - Existing context loaded successfully
2026-01-18 00:58:08.615 [BettingWindow-3] INFO  com.mouse.bet.window.OneWin - ✅ 🚀 New page created successfully
2026-01-18 00:58:11.413 [BettingWindow-3] INFO  com.mouse.bet.window.OneWin - ✅ 🧭 Navigation to bookmaker completed
2026-01-18 00:58:14.449 [BettingWindow-3] INFO  com.mouse.bet.window.OneWin - ℹ️ 🔐 User not logged in, attempting login...
2026-01-18 00:58:17.431 [BettingWindow-3] INFO  com.mouse.bet.window.OneWin - ✅ 🔐 Login successful
2026-01-18 00:58:21.981 [BettingWindow-3] INFO  com.mouse.bet.window.OneWin - ✅ 🎯 Navigation to Table Tennis page completed
2026-01-18 00:58:21.981 [BettingWindow-3] INFO  com.mouse.bet.window.OneWin - ✅ 🚀 Window is now up and running - entering betting loop
2026-01-18 00:58:23.223 [BettingWindow-3] DEBUG com.mouse.bet.window.OneWin - 📊 🔍 Polling for BetLegTask from queue...
2026-01-18 00:58:26.933 [BettingWindow-3] DEBUG com.mouse.bet.window.OneWin - 📊 🔍 Polling for BetLegTask from queue...
2026-01-18 00:58:30.091 [BettingWindow-3] DEBUG com.mouse.bet.window.OneWin - 📊 🔍 Polling for BetLegTask from queue...
2026-01-18 00:58:33.649 [BettingWindow-3] DEBUG com.mouse.bet.window.OneWin - 📊 🔍 Polling for BetLegTask from queue...
2026-01-18 00:58:37.168 [BettingWindow-3] DEBUG com.mouse.bet.window.OneWin - 📊 🔍 Polling for BetLegTask from queue...
2026-01-18 00:58:40.591 [BettingWindow-3] DEBUG com.mouse.bet.window.OneWin - 📊 🔍 Polling for BetLegTask from queue...
2026-01-18 00:58:44.855 [BettingWindow-3] DEBUG com.mouse.bet.window.OneWin - 📊 🔍 Polling for BetLegTask from queue...
2026-01-18 00:58:48.538 [BettingWindow-3] DEBUG com.mouse.bet.window.OneWin - 📊 🔍 Polling for BetLegTask from queue...
2026-01-18 00:58:52.704 [BettingWindow-3] DEBUG com.mouse.bet.window.OneWin - 📊 🔍 Polling for BetLegTask from queue...
2026-01-18 00:58:56.410 [BettingWindow-3] DEBUG com.mouse.bet.window.OneWin - 📊 🔍 Polling for BetLegTask from queue...
2026-01-18 00:58:59.612 [BettingWindow-3] DEBUG com.mouse.bet.window.OneWin - 📊 🔍 Polling for BetLegTask from queue...
2026-01-18 00:59:03.745 [BettingWindow-3] DEBUG com.mouse.bet.window.OneWin - 📊 🔍 Polling for BetLegTask from queue...
2026-01-18 00:59:07.077 [BettingWindow-3] DEBUG com.mouse.bet.window.OneWin - 📊 🔍 Polling for BetLegTask from queue...
2026-01-18 00:59:10.925 [BettingWindow-3] DEBUG com.mouse.bet.window.OneWin - 📊 🔍 Polling for BetLegTask from queue...
2026-01-18 00:59:14.915 [BettingWindow-3] DEBUG com.mouse.bet.window.OneWin - 📊 🔍 Polling for BetLegTask from queue...
2026-01-18 00:59:18.864 [BettingWindow-3] DEBUG com.mouse.bet.window.OneWin - 📊 🔍 Polling for BetLegTask from queue...
2026-01-18 00:59:22.481 [BettingWindow-3] DEBUG com.mouse.bet.window.OneWin - 📊 🔍 Polling for BetLegTask from queue...
2026-01-18 00:59:25.810 [BettingWindow-3] DEBUG com.mouse.bet.window.OneWin - 📊 🔍 Polling for BetLegTask from queue...
2026-01-18 00:59:26.904 [BettingWindow-3] INFO  com.mouse.bet.window.OneWin - ✅ 📊 Received BetLegTask | ArbId: 18 | Bookmaker: 1Win | Outcome:  | Odds: 1.78 | Stake: 0.0
2026-01-18 00:59:26.909 [BettingWindow-3] INFO  com.mouse.bet.window.OneWin - === Evgeny Krivorotyko vs Alexander Mishchenko | Table Tennis ===
Profit: 16.24% | ROI: 553.55% | Age: 0 seconds | Status: IN_PROGRESS
Market:  | Outcome: 

Outcomes:
  1. SportyBet (ID: 43)
     Teams: Mishchenko, Oleksandr vs Kryvorotko, Yevhen
     Market:  19.5 | Selection: 
     Odds: 3.35 (was: 2.55) [INITIATOR]
     Progress: set 1, 0:0
     League: Ukraine. Setka Cup
  2. 1Win (ID: 79)
     Teams: Oleksandr Mishchenko vs Yevhen Kryvorotko
     Market:  | Selection: 
     Odds: 1.78 (was: 1.98)
     Progress: 0:0, 1st Set
     League: International. Men. Setka Cup

2026-01-18 00:59:26.909 [BettingWindow-3] INFO  com.mouse.bet.window.OneWin - ▶️ 🎯 Executing BetLegTask | BetLegTask[arbId=18, bookmaker=1Win, outcome=, odds=1.78, stake=0.00, taskId=16193964931486319996:876:17,5;22259:19.5::-2252780576079323146;22260:19.5::-2252780575594544326;] | Attempt: 1/2
2026-01-18 00:59:26.909 [BettingWindow-3] INFO  com.mouse.bet.window.OneWin - 🎯 🔄 Attempt 1/2 for ArbId: 18
2026-01-18 00:59:26.909 [BettingWindow-3] INFO  com.mouse.bet.window.OneWin - ▶️ 🎯 Starting bet deployment for task: 16193964931486319996:876:17,5;22259:19.5::-2252780576079323146;22260:19.5::-2252780575594544326; | ArbId: 18
2026-01-18 00:59:26.910 [BettingWindow-3] INFO  com.mouse.bet.window.OneWin - ✅ 🔄 Intent registered for arb: 16193964931486319996:876:17,5;22259:19.5::-2252780576079323146;22260:19.5::-2252780575594544326;
2026-01-18 00:59:26.910 [BettingWindow-3] INFO  com.mouse.bet.window.OneWin - 🎮 🧭 [1/4] Navigating to game for outcome: 
2026-01-18 00:59:31.300 [BettingWindow-3] INFO  com.mouse.bet.window.OneWin - ✅ 🎮 Game navigation successful
2026-01-18 00:59:32.035 [BettingWindow-3] INFO  com.mouse.bet.window.OneWin - 📈 🛒 [2/4] Selecting and verifying bet
2026-01-18 01:00:24.613 [BettingWindow-3] WARN  com.mouse.bet.window.OneWin - ⚠️ 🛒 Bet selection and verification failed
2026-01-18 01:00:25.465 [BettingWindow-3] WARN  com.mouse.bet.window.OneWin - ⚠️ 🎯 Deployment failed on attempt 1/2
2026-01-18 01:00:25.465 [BettingWindow-3] INFO  com.mouse.bet.window.OneWin - ⏰ 🔄 Retrying after 3000ms....
2026-01-18 01:00:28.470 [BettingWindow-3] INFO  com.mouse.bet.window.OneWin - 🎯 🔄 Attempt 2/2 for ArbId: 18
2026-01-18 01:00:28.470 [BettingWindow-3] INFO  com.mouse.bet.window.OneWin - ▶️ 🎯 Starting bet deployment for task: 16193964931486319996:876:17,5;22259:19.5::-2252780576079323146;22260:19.5::-2252780575594544326; | ArbId: 18
2026-01-18 01:00:28.470 [BettingWindow-3] INFO  com.mouse.bet.window.OneWin - ✅ 🔄 Intent registered for arb: 16193964931486319996:876:17,5;22259:19.5::-2252780576079323146;22260:19.5::-2252780575594544326;
2026-01-18 01:00:28.470 [BettingWindow-3] INFO  com.mouse.bet.window.OneWin - 🎮 🧭 [1/4] Navigating to game for outcome: 
2026-01-18 01:00:31.486 [BettingWindow-3] ERROR com.mouse.bet.window.OneWin - ❌ 🎯 Bet deployment failed: League not found: International. Men. Setka Cup
java.lang.IllegalStateException: League not found: International. Men. Setka Cup
	at com.mouse.bet.util.onewin.OneWinNavigationUtil.navigateToLeague(OneWinNavigationUtil.java:263)
	at com.mouse.bet.util.onewin.OneWinNavigationUtil.navigateToGame(OneWinNavigationUtil.java:186)
	at com.mouse.bet.window.OneWin.deployBet(OneWin.java:227)
	at com.mouse.bet.window.OneWin.executeBetLegTask(OneWin.java:353)
	at com.mouse.bet.window.OneWin.windowEntry(OneWin.java:947)
	at com.mouse.bet.window.OneWin.run(OneWin.java:791)
	at com.mouse.bet.window.Player.lambda$bookMakerFuture$0(Player.java:141)
	at java.base/java.util.concurrent.Executors$RunnableAdapter.call(Executors.java:539)
	at java.base/java.util.concurrent.FutureTask.run(FutureTask.java:264)
	at java.base/java.util.concurrent.ThreadPoolExecutor.runWorker(ThreadPoolExecutor.java:1136)
	at java.base/java.util.concurrent.ThreadPoolExecutor$Worker.run(ThreadPoolExecutor.java:635)
	at java.base/java.lang.Thread.run(Thread.java:840)
2026-01-18 01:00:31.499 [BettingWindow-3] WARN  com.mouse.bet.window.OneWin - ⚠️ 🎯 Deployment failed on attempt 2/2
2026-01-18 01:00:31.500 [BettingWindow-3] ERROR com.mouse.bet.window.OneWin - ❌ 🎯 BetLegTask failed after 2 attempts | BetLegTask[arbId=18, bookmaker=1Win, outcome=, odds=1.78, stake=0.00, taskId=16193964931486319996:876:17,5;22259:19.5::-2252780576079323146;22260:19.5::-2252780575594544326;] | Phase advanced
2026-01-18 01:00:31.500 [BettingWindow-3] DEBUG com.mouse.bet.window.OneWin - ✅ 🔄 Intent unregistered
2026-01-18 01:00:34.921 [BettingWindow-3] INFO  com.mouse.bet.window.OneWin - ✅ 🧭 Returned to sport page, ready for next task
2026-01-18 01:00:37.019 [BettingWindow-3] DEBUG com.mouse.bet.window.OneWin - 📊 🔍 Polling for BetLegTask from queue...
2026-01-18 01:00:40.875 [BettingWindow-3] DEBUG com.mouse.bet.window.OneWin - 📊 🔍 Polling for BetLegTask from queue...
2026-01-18 01:00:44.100 [BettingWindow-3] DEBUG com.mouse.bet.window.OneWin - 📊 🔍 Polling for BetLegTask from queue...
2026-01-18 01:00:48.368 [BettingWindow-3] DEBUG com.mouse.bet.window.OneWin - 📊 🔍 Polling for BetLegTask from queue...
2026-01-18 01:00:52.792 [BettingWindow-3] DEBUG com.mouse.bet.window.OneWin - 📊 🔍 Polling for BetLegTask from queue...
2026-01-18 01:00:56.715 [BettingWindow-3] DEBUG com.mouse.bet.window.OneWin - 📊 🔍 Polling for BetLegTask from queue...
2026-01-18 01:00:59.892 [BettingWindow-3] DEBUG com.mouse.bet.window.OneWin - 📊 🔍 Polling for BetLegTask from queue...
2026-01-18 01:01:03.110 [BettingWindow-3] DEBUG com.mouse.bet.window.OneWin - 📊 🔍 Polling for BetLegTask from queue...
2026-01-18 01:01:06.575 [BettingWindow-3] DEBUG com.mouse.bet.window.OneWin - 📊 🔍 Polling for BetLegTask from queue...
2026-01-18 01:01:10.507 [BettingWindow-3] DEBUG com.mouse.bet.window.OneWin - 📊 🔍 Polling for BetLegTask from queue...
2026-01-18 01:01:14.348 [BettingWindow-3] DEBUG com.mouse.bet.window.OneWin - 📊 🔍 Polling for BetLegTask from queue...
2026-01-18 01:01:18.581 [BettingWindow-3] DEBUG com.mouse.bet.window.OneWin - 📊 🔍 Polling for BetLegTask from queue...
2026-01-18 01:01:22.433 [BettingWindow-3] DEBUG com.mouse.bet.window.OneWin - 📊 🔍 Polling for BetLegTask from queue...
2026-01-18 01:01:26.556 [BettingWindow-3] DEBUG com.mouse.bet.window.OneWin - 📊 🔍 Polling for BetLegTask from queue...
2026-01-18 01:01:29.788 [BettingWindow-3] DEBUG com.mouse.bet.window.OneWin - 📊 🔍 Polling for BetLegTask from queue...
2026-01-18 01:01:34.143 [BettingWindow-3] DEBUG com.mouse.bet.window.OneWin - 📊 🔍 Polling for BetLegTask from queue...
2026-01-18 01:01:38.571 [BettingWindow-3] DEBUG com.mouse.bet.window.OneWin - 📊 🔍 Polling for BetLegTask from queue...
2026-01-18 01:01:41.804 [BettingWindow-3] DEBUG com.mouse.bet.window.OneWin - 📊 🔍 Polling for BetLegTask from queue...
2026-01-18 01:01:45.086 [BettingWindow-3] DEBUG com.mouse.bet.window.OneWin - 📊 🔍 Polling for BetLegTask from queue...
2026-01-18 01:01:49.360 [BettingWindow-3] DEBUG com.mouse.bet.window.OneWin - 📊 🔍 Polling for BetLegTask from queue...
2026-01-18 01:01:50.887 [BettingWindow-3] INFO  com.mouse.bet.window.OneWin - ✅ 📊 Received BetLegTask | ArbId: 26 | Bookmaker: 1Win | Outcome: Cerveny Jr, Tomas | Odds: 2.45 | Stake: 0.0
2026-01-18 01:01:50.888 [BettingWindow-3] INFO  com.mouse.bet.window.OneWin - === Tomas Cerveny Jr. vs Simon Holik | Table Tennis ===
Profit: 7.01% | ROI: 238.94% | Age: 1 minutes | Status: IN_PROGRESS
Market: Winner | Outcome: Away

Outcomes:
  1. MSport (ID: 80)
     Teams: Holik, Simon vs Cerveny Jr, Tomas
     Market: Winner | Selection: Home
     Odds: 1.90 (was: 1.57) [INITIATOR]
     Progress: 2:2
     League: International TT Cup
  2. 1Win (ID: 79)
     Teams: Holik, Simon vs Cerveny Jr, Tomas
     Market: Winner | Selection: Cerveny Jr, Tomas
     Odds: 2.45 (was: 3.05)
     Progress: 2:2, 5th set
     League: International. TT Cup

2026-01-18 01:01:50.888 [BettingWindow-3] INFO  com.mouse.bet.window.OneWin - ▶️ 🎯 Executing BetLegTask | BetLegTask[arbId=26, bookmaker=1Win, outcome=Cerveny Jr, Tomas, odds=2.45, stake=0.00, taskId=16193963507436726938:14:;22277:::-2252780574981038139;22278:::-2252780573958668120;] | Attempt: 1/2
2026-01-18 01:01:50.888 [BettingWindow-3] INFO  com.mouse.bet.window.OneWin - 🎯 🔄 Attempt 1/2 for ArbId: 26
2026-01-18 01:01:50.888 [BettingWindow-3] INFO  com.mouse.bet.window.OneWin - ▶️ 🎯 Starting bet deployment for task: 16193963507436726938:14:;22277:::-2252780574981038139;22278:::-2252780573958668120; | ArbId: 26
2026-01-18 01:01:50.888 [BettingWindow-3] INFO  com.mouse.bet.window.OneWin - ✅ 🔄 Intent registered for arb: 16193963507436726938:14:;22277:::-2252780574981038139;22278:::-2252780573958668120;
2026-01-18 01:01:50.888 [BettingWindow-3] INFO  com.mouse.bet.window.OneWin - 🎮 🧭 [1/4] Navigating to game for outcome: Cerveny Jr, Tomas
2026-01-18 01:01:55.034 [BettingWindow-3] INFO  com.mouse.bet.window.OneWin - ✅ 🎮 Game navigation successful
2026-01-18 01:01:56.025 [BettingWindow-3] INFO  com.mouse.bet.window.OneWin - 📈 🛒 [2/4] Selecting and verifying bet
2026-01-18 01:02:02.711 [BettingWindow-3] WARN  com.mouse.bet.window.OneWin - ⚠️ 🛒 Bet selection and verification failed
2026-01-18 01:02:03.620 [BettingWindow-3] WARN  com.mouse.bet.window.OneWin - ⚠️ 🎯 Deployment failed on attempt 1/2
2026-01-18 01:02:03.620 [BettingWindow-3] INFO  com.mouse.bet.window.OneWin - ⏰ 🔄 Retrying after 3000ms....
2026-01-18 01:02:06.624 [BettingWindow-3] INFO  com.mouse.bet.window.OneWin - 🎯 🔄 Attempt 2/2 for ArbId: 26
2026-01-18 01:02:06.625 [BettingWindow-3] INFO  com.mouse.bet.window.OneWin - ▶️ 🎯 Starting bet deployment for task: 16193963507436726938:14:;22277:::-2252780574981038139;22278:::-2252780573958668120; | ArbId: 26
2026-01-18 01:02:06.625 [BettingWindow-3] WARN  com.mouse.bet.window.OneWin - ⚠️ 🔄 Arb cancelled during intent registration: 16193963507436726938:14:;22277:::-2252780574981038139;22278:::-2252780573958668120;
2026-01-18 01:02:06.625 [BettingWindow-3] WARN  com.mouse.bet.window.OneWin - ⚠️ 🎯 Deployment failed on attempt 2/2
2026-01-18 01:02:06.625 [BettingWindow-3] ERROR com.mouse.bet.window.OneWin - ❌ 🎯 BetLegTask failed after 2 attempts | BetLegTask[arbId=26, bookmaker=1Win, outcome=Cerveny Jr, Tomas, odds=2.45, stake=0.00, taskId=16193963507436726938:14:;22277:::-2252780574981038139;22278:::-2252780573958668120;] | Phase advanced
2026-01-18 01:02:06.625 [BettingWindow-3] DEBUG com.mouse.bet.window.OneWin - ✅ 🔄 Intent unregistered
2026-01-18 01:02:09.571 [BettingWindow-3] INFO  com.mouse.bet.window.OneWin - ✅ 🧭 Returned to sport page, ready for next task
2026-01-18 01:02:10.926 [BettingWindow-3] DEBUG com.mouse.bet.window.OneWin - 📊 🔍 Polling for BetLegTask from queue...
2026-01-18 01:02:15.364 [BettingWindow-3] DEBUG com.mouse.bet.window.OneWin - 📊 🔍 Polling for BetLegTask from queue...
2026-01-18 01:02:18.719 [BettingWindow-3] DEBUG com.mouse.bet.window.OneWin - 📊 🔍 Polling for BetLegTask from queue...
2026-01-18 01:02:22.935 [BettingWindow-3] DEBUG com.mouse.bet.window.OneWin - 📊 🔍 Polling for BetLegTask from queue...
2026-01-18 01:02:26.972 [BettingWindow-3] DEBUG com.mouse.bet.window.OneWin - 📊 🔍 Polling for BetLegTask from queue...
2026-01-18 01:02:30.219 [BettingWindow-3] DEBUG com.mouse.bet.window.OneWin - 📊 🔍 Polling for BetLegTask from queue...
2026-01-18 01:02:34.275 [BettingWindow-3] DEBUG com.mouse.bet.window.OneWin - 📊 🔍 Polling for BetLegTask from queue...
2026-01-18 01:02:37.851 [BettingWindow-3] DEBUG com.mouse.bet.window.OneWin - 📊 🔍 Polling for BetLegTask from queue...
2026-01-18 01:02:41.674 [BettingWindow-3] DEBUG com.mouse.bet.window.OneWin - 📊 🔍 Polling for BetLegTask from queue...
2026-01-18 01:02:45.363 [BettingWindow-3] DEBUG com.mouse.bet.window.OneWin - 📊 🔍 Polling for BetLegTask from queue...
2026-01-18 01:02:49.150 [BettingWindow-3] DEBUG com.mouse.bet.window.OneWin - 📊 🔍 Polling for BetLegTask from queue...
2026-01-18 01:02:53.624 [BettingWindow-3] DEBUG com.mouse.bet.window.OneWin - 📊 🔍 Polling for BetLegTask from queue...
2026-01-18 01:02:58.101 [BettingWindow-3] DEBUG com.mouse.bet.window.OneWin - 📊 🔍 Polling for BetLegTask from queue...
2026-01-18 01:03:01.879 [BettingWindow-3] DEBUG com.mouse.bet.window.OneWin - 📊 🔍 Polling for BetLegTask from queue...
2026-01-18 01:03:01.879 [BettingWindow-3] INFO  com.mouse.bet.window.OneWin - ✅ 📊 Received BetLegTask | ArbId: 28 | Bookmaker: 1Win | Outcome: Under 98.5 | Odds: 1.7 | Stake: 50000.0
2026-01-18 01:03:01.879 [BettingWindow-3] INFO  com.mouse.bet.window.OneWin - === Дедек И. vs Плахи Й. | Table Tennis ===
Profit: 2.79% | ROI: 95.10% | Age: 2 minutes | Status: IN_PROGRESS
Market: Total | Outcome: Under 98.5

Outcomes:
  1. MSport (ID: 80)
     Teams: Plachy, Jiri vs Dedek, Jiri
     Market: Points O/U | Selection: Over 98.5
     Odds: 2.60 (was: 2.05) | Stake: 39500.00
     Progress: 2:2
     League: Czech Republic Czech Liga Pro
  2. 1Win (ID: 79)
     Teams: Plachy, Jiri vs Dedek, Jiri
     Market: Total | Selection: Under 98.5
     Odds: 1.70 (was: 1.70) | Stake: 50000.00 [INITIATOR]
     Progress: 1:2, 4th set
     League: Czech Republic. Liga Pro

2026-01-18 01:03:01.880 [BettingWindow-3] INFO  com.mouse.bet.window.OneWin - ▶️ 🎯 Executing BetLegTask | BetLegTask[arbId=28, bookmaker=1Win, outcome=Under 98.5, odds=1.70, stake=50000.00, taskId=16193965000235157219:876:17;22259:98.5::-2252780575850198500;22260:98.5::-2252780576305915414;] | Attempt: 1/2
2026-01-18 01:03:01.880 [BettingWindow-3] INFO  com.mouse.bet.window.OneWin - 🎯 🔄 Attempt 1/2 for ArbId: 28
2026-01-18 01:03:01.880 [BettingWindow-3] INFO  com.mouse.bet.window.OneWin - ▶️ 🎯 Starting bet deployment for task: 16193965000235157219:876:17;22259:98.5::-2252780575850198500;22260:98.5::-2252780576305915414; | ArbId: 28
2026-01-18 01:03:01.880 [BettingWindow-3] INFO  com.mouse.bet.window.OneWin - ✅ 🔄 Intent registered for arb: 16193965000235157219:876:17;22259:98.5::-2252780575850198500;22260:98.5::-2252780576305915414;
2026-01-18 01:03:01.880 [BettingWindow-3] INFO  com.mouse.bet.window.OneWin - 🎮 🧭 [1/4] Navigating to game for outcome: Under 98.5
2026-01-18 01:03:10.645 [BettingWindow-3] INFO  com.mouse.bet.window.OneWin - ✅ 🎮 Game navigation successful
2026-01-18 01:03:11.450 [BettingWindow-3] INFO  com.mouse.bet.window.OneWin - 📈 🛒 [2/4] Selecting and verifying bet
2026-01-18 01:03:15.960 [BettingWindow-3] WARN  com.mouse.bet.window.OneWin - ⚠️ 🛒 Bet selection and verification failed
2026-01-18 01:03:15.990 [BettingWindow-3] WARN  com.mouse.bet.window.OneWin - ⚠️ 🎯 Deployment failed on attempt 1/2
2026-01-18 01:03:15.990 [BettingWindow-3] INFO  com.mouse.bet.window.OneWin - ⏰ 🔄 Retrying after 3000ms....
2026-01-18 01:03:18.999 [BettingWindow-3] INFO  com.mouse.bet.window.OneWin - 🎯 🔄 Attempt 2/2 for ArbId: 28
2026-01-18 01:03:18.999 [BettingWindow-3] INFO  com.mouse.bet.window.OneWin - ▶️ 🎯 Starting bet deployment for task: 16193965000235157219:876:17;22259:98.5::-2252780575850198500;22260:98.5::-2252780576305915414; | ArbId: 28
2026-01-18 01:03:19.551 [BettingWindow-3] WARN  com.mouse.bet.window.OneWin - ⚠️ 🔄 Arb cancelled during intent registration: 16193965000235157219:876:17;22259:98.5::-2252780575850198500;22260:98.5::-2252780576305915414;
2026-01-18 01:03:19.552 [BettingWindow-3] WARN  com.mouse.bet.window.OneWin - ⚠️ 🎯 Deployment failed on attempt 2/2
2026-01-18 01:03:19.552 [BettingWindow-3] ERROR com.mouse.bet.window.OneWin - ❌ 🎯 BetLegTask failed after 2 attempts | BetLegTask[arbId=28, bookmaker=1Win, outcome=Under 98.5, odds=1.70, stake=50000.00, taskId=16193965000235157219:876:17;22259:98.5::-2252780575850198500;22260:98.5::-2252780576305915414;] | Phase advanced
2026-01-18 01:03:19.552 [BettingWindow-3] DEBUG com.mouse.bet.window.OneWin - ✅ 🔄 Intent unregistered
2026-01-18 01:03:26.170 [BettingWindow-3] INFO  com.mouse.bet.window.OneWin - ✅ 🧭 Returned to sport page, ready for next task
2026-01-18 01:03:27.331 [BettingWindow-3] DEBUG com.mouse.bet.window.OneWin - 📊 🔍 Polling for BetLegTask from queue...
2026-01-18 01:03:31.773 [BettingWindow-3] DEBUG com.mouse.bet.window.OneWin - 📊 🔍 Polling for BetLegTask from queue...
2026-01-18 01:03:35.143 [BettingWindow-3] DEBUG com.mouse.bet.window.OneWin - 📊 🔍 Polling for BetLegTask from queue...
2026-01-18 01:03:38.434 [BettingWindow-3] DEBUG com.mouse.bet.window.OneWin - 📊 🔍 Polling for BetLegTask from queue...
2026-01-18 01:03:41.676 [BettingWindow-3] DEBUG com.mouse.bet.window.OneWin - 📊 🔍 Polling for BetLegTask from queue...
2026-01-18 01:03:45.842 [BettingWindow-3] DEBUG com.mouse.bet.window.OneWin - 📊 🔍 Polling for BetLegTask from queue...
2026-01-18 01:03:50.351 [BettingWindow-3] DEBUG com.mouse.bet.window.OneWin - 📊 🔍 Polling for BetLegTask from queue...
2026-01-18 01:03:53.526 [BettingWindow-3] DEBUG com.mouse.bet.window.OneWin - 📊 🔍 Polling for BetLegTask from queue...
2026-01-18 01:03:53.615 [BettingWindow-3] INFO  com.mouse.bet.window.OneWin - ✅ 📊 Received BetLegTask | ArbId: 33 | Bookmaker: 1Win | Outcome: Cerveny Jr, Tomas in set 5, Point 6.5 | Odds: 2.0 | Stake: 0.0
2026-01-18 01:03:53.616 [BettingWindow-3] INFO  com.mouse.bet.window.OneWin - === Tomas Cerveny Jr. vs Simon Holik | Table Tennis ===
Profit: 5.88% | ROI: 200.42% | Age: 1 minutes | Status: IN_PROGRESS
Market: Points | Outcome: Away in set 5, Point 6.5

Outcomes:
  1. MSport (ID: 80)
     Teams: Holik, Simon vs Cerveny Jr, Tomas
     Market: Point handicap | Selection: Home (-6.5)
     Odds: 2.25 (was: 1.70) [INITIATOR]
     Progress: 2:2
     League: International TT Cup
  2. 1Win (ID: 79)
     Teams: Holik, Simon vs Cerveny Jr, Tomas
     Market: Points | Selection: Cerveny Jr, Tomas in set 5, Point 6.5
     Odds: 2.00 (was: 1.70)
     Progress: 2:2, 5th set
     League: International. TT Cup

2026-01-18 01:03:53.616 [BettingWindow-3] INFO  com.mouse.bet.window.OneWin - ▶️ 🎯 Executing BetLegTask | BetLegTask[arbId=33, bookmaker=1Win, outcome=Cerveny Jr, Tomas in set 5, Point 6.5, odds=2.00, stake=0.00, taskId=16193963507436726938:350:17;22275:6.5::-2252780574981038139;22276:-6.5::-2252780573958668120;] | Attempt: 1/2
2026-01-18 01:03:53.616 [BettingWindow-3] INFO  com.mouse.bet.window.OneWin - 🎯 🔄 Attempt 1/2 for ArbId: 33
2026-01-18 01:03:53.616 [BettingWindow-3] INFO  com.mouse.bet.window.OneWin - ▶️ 🎯 Starting bet deployment for task: 16193963507436726938:350:17;22275:6.5::-2252780574981038139;22276:-6.5::-2252780573958668120; | ArbId: 33
2026-01-18 01:03:53.616 [BettingWindow-3] INFO  com.mouse.bet.window.OneWin - ✅ 🔄 Intent registered for arb: 16193963507436726938:350:17;22275:6.5::-2252780574981038139;22276:-6.5::-2252780573958668120;
2026-01-18 01:03:53.617 [BettingWindow-3] INFO  com.mouse.bet.window.OneWin - 🎮 🧭 [1/4] Navigating to game for outcome: Cerveny Jr, Tomas in set 5, Point 6.5
2026-01-18 01:03:58.428 [BettingWindow-3] INFO  com.mouse.bet.window.OneWin - ✅ 🎮 Game navigation successful
2026-01-18 01:03:59.288 [BettingWindow-3] INFO  com.mouse.bet.window.OneWin - 📈 🛒 [2/4] Selecting and verifying bet
2026-01-18 01:04:00.902 [BettingWindow-3] WARN  com.mouse.bet.window.OneWin - ⚠️ 🛒 Bet selection and verification failed
2026-01-18 01:04:00.918 [BettingWindow-3] WARN  com.mouse.bet.window.OneWin - ⚠️ 🎯 Deployment failed on attempt 1/2
2026-01-18 01:04:00.918 [BettingWindow-3] INFO  com.mouse.bet.window.OneWin - ⏰ 🔄 Retrying after 3000ms....
2026-01-18 01:04:03.932 [BettingWindow-3] INFO  com.mouse.bet.window.OneWin - 🎯 🔄 Attempt 2/2 for ArbId: 33
2026-01-18 01:04:03.933 [BettingWindow-3] INFO  com.mouse.bet.window.OneWin - ▶️ 🎯 Starting bet deployment for task: 16193963507436726938:350:17;22275:6.5::-2252780574981038139;22276:-6.5::-2252780573958668120; | ArbId: 33
2026-01-18 01:04:03.933 [BettingWindow-3] WARN  com.mouse.bet.window.OneWin - ⚠️ 🔄 Arb cancelled during intent registration: 16193963507436726938:350:17;22275:6.5::-2252780574981038139;22276:-6.5::-2252780573958668120;
2026-01-18 01:04:03.933 [BettingWindow-3] WARN  com.mouse.bet.window.OneWin - ⚠️ 🎯 Deployment failed on attempt 2/2
2026-01-18 01:04:03.933 [BettingWindow-3] ERROR com.mouse.bet.window.OneWin - ❌ 🎯 BetLegTask failed after 2 attempts | BetLegTask[arbId=33, bookmaker=1Win, outcome=Cerveny Jr, Tomas in set 5, Point 6.5, odds=2.00, stake=0.00, taskId=16193963507436726938:350:17;22275:6.5::-2252780574981038139;22276:-6.5::-2252780573958668120;] | Phase advanced
2026-01-18 01:04:03.933 [BettingWindow-3] DEBUG com.mouse.bet.window.OneWin - ✅ 🔄 Intent unregistered
2026-01-18 01:04:09.543 [BettingWindow-3] INFO  com.mouse.bet.window.OneWin - ✅ 🧭 Returned to sport page, ready for next task
2026-01-18 01:04:10.646 [BettingWindow-3] DEBUG com.mouse.bet.window.OneWin - 📊 🔍 Polling for BetLegTask from queue...
2026-01-18 01:04:14.339 [BettingWindow-3] DEBUG com.mouse.bet.window.OneWin - 📊 🔍 Polling for BetLegTask from queue...
2026-01-18 01:04:17.888 [BettingWindow-3] DEBUG com.mouse.bet.window.OneWin - 📊 🔍 Polling for BetLegTask from queue...
2026-01-18 01:04:21.943 [BettingWindow-3] DEBUG com.mouse.bet.window.OneWin - 📊 🔍 Polling for BetLegTask from queue...
2026-01-18 01:04:25.897 [BettingWindow-3] DEBUG com.mouse.bet.window.OneWin - 📊 🔍 Polling for BetLegTask from queue...
2026-01-18 01:04:29.823 [BettingWindow-3] DEBUG com.mouse.bet.window.OneWin - 📊 🔍 Polling for BetLegTask from queue...
2026-01-18 01:04:33.827 [BettingWindow-3] DEBUG com.mouse.bet.window.OneWin - 📊 🔍 Polling for BetLegTask from queue...
2026-01-18 01:04:37.211 [BettingWindow-3] DEBUG com.mouse.bet.window.OneWin - 📊 🔍 Polling for BetLegTask from queue...
2026-01-18 01:04:40.863 [BettingWindow-3] DEBUG com.mouse.bet.window.OneWin - 📊 🔍 Polling for BetLegTask from queue...
2026-01-18 01:04:44.102 [BettingWindow-3] DEBUG com.mouse.bet.window.OneWin - 📊 🔍 Polling for BetLegTask from queue...
2026-01-18 01:04:47.603 [BettingWindow-3] DEBUG com.mouse.bet.window.OneWin - 📊 🔍 Polling for BetLegTask from queue...
2026-01-18 01:04:52.093 [BettingWindow-3] DEBUG com.mouse.bet.window.OneWin - 📊 🔍 Polling for BetLegTask from queue...
2026-01-18 01:04:52.166 [BettingWindow-3] INFO  com.mouse.bet.window.OneWin - ✅ 📊 Received BetLegTask | ArbId: 41 | Bookmaker: 1Win | Outcome: Sulava, Lubor | Odds: 2.2 | Stake: 0.0
2026-01-18 01:04:52.166 [BettingWindow-3] INFO  com.mouse.bet.window.OneWin - === Martin Stefek vs Lubor Sulava | Table Tennis ===
Profit: 6.12% | ROI: 208.60% | Age: 1 minutes | Status: IN_PROGRESS
Market: Winner | Outcome: Home

Outcomes:
  1. MSport (ID: 80)
     Teams: Sulava, Lubor vs Stefek, Martin
     Market: Winner | Selection: Away
     Odds: 2.05 (was: 1.80)
     Progress: 0:0
     League: Czech Republic Czech Liga Pro
  2. 1Win (ID: 79)
     Teams: Sulava, Lubor vs Stefek, Martin
     Market: Winner | Selection: Sulava, Lubor
     Odds: 2.20 (was: 2.15) [INITIATOR]
     Progress: 0:0, 1st set
     League: Czech Republic. Liga Pro

2026-01-18 01:04:52.166 [BettingWindow-3] INFO  com.mouse.bet.window.OneWin - ▶️ 🎯 Executing BetLegTask | BetLegTask[arbId=41, bookmaker=1Win, outcome=Sulava, Lubor, odds=2.20, stake=0.00, taskId=16193963601959110044:14:;22277:::-2252780576025806122;22278:::-2252780575056100315;] | Attempt: 1/2
2026-01-18 01:04:52.166 [BettingWindow-3] INFO  com.mouse.bet.window.OneWin - 🎯 🔄 Attempt 1/2 for ArbId: 41
2026-01-18 01:04:52.166 [BettingWindow-3] INFO  com.mouse.bet.window.OneWin - ▶️ 🎯 Starting bet deployment for task: 16193963601959110044:14:;22277:::-2252780576025806122;22278:::-2252780575056100315; | ArbId: 41
2026-01-18 01:04:52.166 [BettingWindow-3] INFO  com.mouse.bet.window.OneWin - ✅ 🔄 Intent registered for arb: 16193963601959110044:14:;22277:::-2252780576025806122;22278:::-2252780575056100315;
2026-01-18 01:04:52.166 [BettingWindow-3] INFO  com.mouse.bet.window.OneWin - 🎮 🧭 [1/4] Navigating to game for outcome: Sulava, Lubor
2026-01-18 01:04:57.278 [BettingWindow-3] INFO  com.mouse.bet.window.OneWin - ✅ 🎮 Game navigation successful
2026-01-18 01:04:58.219 [BettingWindow-3] INFO  com.mouse.bet.window.OneWin - 📈 🛒 [2/4] Selecting and verifying bet
2026-01-18 01:05:03.926 [BettingWindow-3] WARN  com.mouse.bet.window.OneWin - ⚠️ 🛒 Bet selection and verification failed
2026-01-18 01:05:05.023 [BettingWindow-3] WARN  com.mouse.bet.window.OneWin - ⚠️ 🎯 Deployment failed on attempt 1/2
2026-01-18 01:05:05.035 [BettingWindow-3] INFO  com.mouse.bet.window.OneWin - ⏰ 🔄 Retrying after 3000ms....
2026-01-18 01:05:08.136 [BettingWindow-3] INFO  com.mouse.bet.window.OneWin - 🎯 🔄 Attempt 2/2 for ArbId: 41
2026-01-18 01:05:08.136 [BettingWindow-3] INFO  com.mouse.bet.window.OneWin - ▶️ 🎯 Starting bet deployment for task: 16193963601959110044:14:;22277:::-2252780576025806122;22278:::-2252780575056100315; | ArbId: 41
2026-01-18 01:05:08.136 [BettingWindow-3] WARN  com.mouse.bet.window.OneWin - ⚠️ 🔄 Arb cancelled during intent registration: 16193963601959110044:14:;22277:::-2252780576025806122;22278:::-2252780575056100315;
2026-01-18 01:05:08.136 [BettingWindow-3] WARN  com.mouse.bet.window.OneWin - ⚠️ 🎯 Deployment failed on attempt 2/2
2026-01-18 01:05:08.136 [BettingWindow-3] ERROR com.mouse.bet.window.OneWin - ❌ 🎯 BetLegTask failed after 2 attempts | BetLegTask[arbId=41, bookmaker=1Win, outcome=Sulava, Lubor, odds=2.20, stake=0.00, taskId=16193963601959110044:14:;22277:::-2252780576025806122;22278:::-2252780575056100315;] | Phase advanced
2026-01-18 01:05:08.136 [BettingWindow-3] DEBUG com.mouse.bet.window.OneWin - ✅ 🔄 Intent unregistered
2026-01-18 01:05:12.621 [BettingWindow-3] INFO  com.mouse.bet.window.OneWin - ✅ 🧭 Returned to sport page, ready for next task
2026-01-18 01:05:14.394 [BettingWindow-3] DEBUG com.mouse.bet.window.OneWin - 📊 🔍 Polling for BetLegTask from queue...
2026-01-18 01:05:18.456 [BettingWindow-3] DEBUG com.mouse.bet.window.OneWin - 📊 🔍 Polling for BetLegTask from queue...
2026-01-18 01:05:21.982 [BettingWindow-3] DEBUG com.mouse.bet.window.OneWin - 📊 🔍 Polling for BetLegTask from queue...
2026-01-18 01:05:25.599 [BettingWindow-3] DEBUG com.mouse.bet.window.OneWin - 📊 🔍 Polling for BetLegTask from queue...
2026-01-18 01:05:25.599 [BettingWindow-3] INFO  com.mouse.bet.window.OneWin - ✅ 📊 Received BetLegTask | ArbId: 38 | Bookmaker: 1Win | Outcome: Cerveny Jr, Tomas in set 5, Point 5.5 | Odds: 2.0 | Stake: 50000.0
2026-01-18 01:05:25.599 [BettingWindow-3] INFO  com.mouse.bet.window.OneWin - === Tomas Cerveny Jr. vs Simon Holik | Table Tennis ===
Profit: 9.09% | ROI: 309.84% | Age: 2 minutes | Status: IN_PROGRESS
Market: Points | Outcome: Away in set 5, Point 5.5

Outcomes:
  1. MSport (ID: 80)
     Teams: Holik, Simon vs Cerveny Jr, Tomas
     Market: Point handicap | Selection: Home (-5.5)
     Odds: 2.40 (was: 1.70) | Stake: 45450.00
     Progress: 2:2
     League: International TT Cup
  2. 1Win (ID: 79)
     Teams: Holik, Simon vs Cerveny Jr, Tomas
     Market: Points | Selection: Cerveny Jr, Tomas in set 5, Point 5.5
     Odds: 2.00 (was: 1.60) | Stake: 50000.00 [INITIATOR]
     Progress: 2:2, 5th set
     League: International. TT Cup

2026-01-18 01:05:25.599 [BettingWindow-3] INFO  com.mouse.bet.window.OneWin - ▶️ 🎯 Executing BetLegTask | BetLegTask[arbId=38, bookmaker=1Win, outcome=Cerveny Jr, Tomas in set 5, Point 5.5, odds=2.00, stake=50000.00, taskId=16193963507436726938:350:17;22275:5.5::-2252780574981038139;22276:-5.5::-2252780573958668120;] | Attempt: 1/2
2026-01-18 01:05:25.599 [BettingWindow-3] INFO  com.mouse.bet.window.OneWin - 🎯 🔄 Attempt 1/2 for ArbId: 38
2026-01-18 01:05:25.599 [BettingWindow-3] INFO  com.mouse.bet.window.OneWin - ▶️ 🎯 Starting bet deployment for task: 16193963507436726938:350:17;22275:5.5::-2252780574981038139;22276:-5.5::-2252780573958668120; | ArbId: 38
2026-01-18 01:05:25.599 [BettingWindow-3] INFO  com.mouse.bet.window.OneWin - ✅ 🔄 Intent registered for arb: 16193963507436726938:350:17;22275:5.5::-2252780574981038139;22276:-5.5::-2252780573958668120;
2026-01-18 01:05:25.600 [BettingWindow-3] INFO  com.mouse.bet.window.OneWin - 🎮 🧭 [1/4] Navigating to game for outcome: Cerveny Jr, Tomas in set 5, Point 5.5
2026-01-18 01:05:30.735 [BettingWindow-3] INFO  com.mouse.bet.window.OneWin - ✅ 🎮 Game navigation successful
2026-01-18 01:05:31.294 [BettingWindow-3] INFO  com.mouse.bet.window.OneWin - 📈 🛒 [2/4] Selecting and verifying bet
2026-01-18 01:05:32.876 [BettingWindow-3] WARN  com.mouse.bet.window.OneWin - ⚠️ 🛒 Bet selection and verification failed
2026-01-18 01:05:32.881 [BettingWindow-3] WARN  com.mouse.bet.window.OneWin - ⚠️ 🎯 Deployment failed on attempt 1/2
2026-01-18 01:05:32.881 [BettingWindow-3] INFO  com.mouse.bet.window.OneWin - ⏰ 🔄 Retrying after 3000ms....
2026-01-18 01:05:36.179 [BettingWindow-3] INFO  com.mouse.bet.window.OneWin - 🎯 🔄 Attempt 2/2 for ArbId: 38
2026-01-18 01:05:36.179 [BettingWindow-3] INFO  com.mouse.bet.window.OneWin - ▶️ 🎯 Starting bet deployment for task: 16193963507436726938:350:17;22275:5.5::-2252780574981038139;22276:-5.5::-2252780573958668120; | ArbId: 38
2026-01-18 01:05:36.180 [BettingWindow-3] WARN  com.mouse.bet.window.OneWin - ⚠️ 🔄 Arb cancelled during intent registration: 16193963507436726938:350:17;22275:5.5::-2252780574981038139;22276:-5.5::-2252780573958668120;
2026-01-18 01:05:36.180 [BettingWindow-3] WARN  com.mouse.bet.window.OneWin - ⚠️ 🎯 Deployment failed on attempt 2/2
2026-01-18 01:05:36.180 [BettingWindow-3] ERROR com.mouse.bet.window.OneWin - ❌ 🎯 BetLegTask failed after 2 attempts | BetLegTask[arbId=38, bookmaker=1Win, outcome=Cerveny Jr, Tomas in set 5, Point 5.5, odds=2.00, stake=50000.00, taskId=16193963507436726938:350:17;22275:5.5::-2252780574981038139;22276:-5.5::-2252780573958668120;] | Phase advanced
2026-01-18 01:05:36.180 [BettingWindow-3] DEBUG com.mouse.bet.window.OneWin - ✅ 🔄 Intent unregistered
2026-01-18 01:05:43.940 [BettingWindow-3] INFO  com.mouse.bet.window.OneWin - ✅ 🧭 Returned to sport page, ready for next task
2026-01-18 01:05:46.169 [BettingWindow-3] DEBUG com.mouse.bet.window.OneWin - 📊 🔍 Polling for BetLegTask from queue...
2026-01-18 01:05:50.186 [BettingWindow-3] DEBUG com.mouse.bet.window.OneWin - 📊 🔍 Polling for BetLegTask from queue...
2026-01-18 01:05:53.686 [BettingWindow-3] DEBUG com.mouse.bet.window.OneWin - 📊 🔍 Polling for BetLegTask from queue...
2026-01-18 01:05:57.674 [BettingWindow-3] DEBUG com.mouse.bet.window.OneWin - 📊 🔍 Polling for BetLegTask from queue...
2026-01-18 01:06:01.422 [BettingWindow-3] DEBUG com.mouse.bet.window.OneWin - 📊 🔍 Polling for BetLegTask from queue...
2026-01-18 01:06:05.482 [BettingWindow-3] DEBUG com.mouse.bet.window.OneWin - 📊 🔍 Polling for BetLegTask from queue...
2026-01-18 01:06:09.974 [BettingWindow-3] DEBUG com.mouse.bet.window.OneWin - 📊 🔍 Polling for BetLegTask from queue...
2026-01-18 01:06:13.507 [BettingWindow-3] DEBUG com.mouse.bet.window.OneWin - 📊 🔍 Polling for BetLegTask from queue...
2026-01-18 01:06:17.849 [BettingWindow-3] DEBUG com.mouse.bet.window.OneWin - 📊 🔍 Polling for BetLegTask from queue...
2026-01-18 01:06:21.353 [BettingWindow-3] DEBUG com.mouse.bet.window.OneWin - 📊 🔍 Polling for BetLegTask from queue...
2026-01-18 01:06:21.353 [BettingWindow-3] INFO  com.mouse.bet.window.OneWin - ✅ 📊 Received BetLegTask | ArbId: 1 | Bookmaker: 1Win | Outcome: Holik, Simon | Odds: 1.8 | Stake: 0.0
2026-01-18 01:06:21.353 [BettingWindow-3] INFO  com.mouse.bet.window.OneWin - === Tomas Cerveny Jr. vs Simon Holik | Table Tennis ===
Profit: 8.00% | ROI: 272.68% | Age: 2 minutes | Status: IN_PROGRESS
Market: Winner | Outcome: Home

Outcomes:
  1. MSport (ID: 80)
     Teams: Holik, Simon vs Cerveny Jr, Tomas
     Market: Winner | Selection: Away
     Odds: 2.70 (was: 1.90)
     Progress: 2:2
     League: International TT Cup
  2. 1Win (ID: 79)
     Teams: Holik, Simon vs Cerveny Jr, Tomas
     Market: Winner | Selection: Holik, Simon
     Odds: 1.80 (was: 1.22) [INITIATOR]
     Progress: 2:2, 5th set
     League: International. TT Cup

2026-01-18 01:06:21.353 [BettingWindow-3] INFO  com.mouse.bet.window.OneWin - ▶️ 🎯 Executing BetLegTask | BetLegTask[arbId=1, bookmaker=1Win, outcome=Holik, Simon, odds=1.80, stake=0.00, taskId=16193963507436726938:14:;22277:::-2252780573958668120;22278:::-2252780574981038139;] | Attempt: 1/2
2026-01-18 01:06:21.353 [BettingWindow-3] INFO  com.mouse.bet.window.OneWin - 🎯 🔄 Attempt 1/2 for ArbId: 1
2026-01-18 01:06:21.353 [BettingWindow-3] INFO  com.mouse.bet.window.OneWin - ▶️ 🎯 Starting bet deployment for task: 16193963507436726938:14:;22277:::-2252780573958668120;22278:::-2252780574981038139; | ArbId: 1
2026-01-18 01:06:21.353 [BettingWindow-3] INFO  com.mouse.bet.window.OneWin - ✅ 🔄 Intent registered for arb: 16193963507436726938:14:;22277:::-2252780573958668120;22278:::-2252780574981038139;
2026-01-18 01:06:21.353 [BettingWindow-3] INFO  com.mouse.bet.window.OneWin - 🎮 🧭 [1/4] Navigating to game for outcome: Holik, Simon
2026-01-18 01:06:25.496 [BettingWindow-3] INFO  com.mouse.bet.window.OneWin - ✅ 🎮 Game navigation successful
2026-01-18 01:06:26.259 [BettingWindow-3] INFO  com.mouse.bet.window.OneWin - 📈 🛒 [2/4] Selecting and verifying bet
2026-01-18 01:06:29.811 [BettingWindow-3] WARN  com.mouse.bet.window.OneWin - ⚠️ 🛒 Bet selection and verification failed
2026-01-18 01:06:29.819 [BettingWindow-3] WARN  com.mouse.bet.window.OneWin - ⚠️ 🎯 Deployment failed on attempt 1/2
2026-01-18 01:06:29.819 [BettingWindow-3] INFO  com.mouse.bet.window.OneWin - ⏰ 🔄 Retrying after 3000ms....
2026-01-18 01:06:32.820 [BettingWindow-3] INFO  com.mouse.bet.window.OneWin - 🎯 🔄 Attempt 2/2 for ArbId: 1
2026-01-18 01:06:32.820 [BettingWindow-3] INFO  com.mouse.bet.window.OneWin - ▶️ 🎯 Starting bet deployment for task: 16193963507436726938:14:;22277:::-2252780573958668120;22278:::-2252780574981038139; | ArbId: 1
2026-01-18 01:06:32.820 [BettingWindow-3] INFO  com.mouse.bet.window.OneWin - ✅ 🔄 Intent registered for arb: 16193963507436726938:14:;22277:::-2252780573958668120;22278:::-2252780574981038139;
2026-01-18 01:06:32.820 [BettingWindow-3] INFO  com.mouse.bet.window.OneWin - 🎮 🧭 [1/4] Navigating to game for outcome: Holik, Simon
2026-01-18 01:06:35.854 [BettingWindow-3] ERROR com.mouse.bet.window.OneWin - ❌ 🎯 Bet deployment failed: League not found: International. TT Cup
java.lang.IllegalStateException: League not found: International. TT Cup
	at com.mouse.bet.util.onewin.OneWinNavigationUtil.navigateToLeague(OneWinNavigationUtil.java:263)
	at com.mouse.bet.util.onewin.OneWinNavigationUtil.navigateToGame(OneWinNavigationUtil.java:186)
	at com.mouse.bet.window.OneWin.deployBet(OneWin.java:227)
	at com.mouse.bet.window.OneWin.executeBetLegTask(OneWin.java:353)
	at com.mouse.bet.window.OneWin.windowEntry(OneWin.java:947)
	at com.mouse.bet.window.OneWin.run(OneWin.java:791)
	at com.mouse.bet.window.Player.lambda$bookMakerFuture$0(Player.java:141)
	at java.base/java.util.concurrent.Executors$RunnableAdapter.call(Executors.java:539)
	at java.base/java.util.concurrent.FutureTask.run(FutureTask.java:264)
	at java.base/java.util.concurrent.ThreadPoolExecutor.runWorker(ThreadPoolExecutor.java:1136)
	at java.base/java.util.concurrent.ThreadPoolExecutor$Worker.run(ThreadPoolExecutor.java:635)
	at java.base/java.lang.Thread.run(Thread.java:840)
2026-01-18 01:06:35.891 [BettingWindow-3] WARN  com.mouse.bet.window.OneWin - ⚠️ 🎯 Deployment failed on attempt 2/2
2026-01-18 01:06:35.891 [BettingWindow-3] ERROR com.mouse.bet.window.OneWin - ❌ 🎯 BetLegTask failed after 2 attempts | BetLegTask[arbId=1, bookmaker=1Win, outcome=Holik, Simon, odds=1.80, stake=0.00, taskId=16193963507436726938:14:;22277:::-2252780573958668120;22278:::-2252780574981038139;] | Phase advanced
2026-01-18 01:06:35.891 [BettingWindow-3] DEBUG com.mouse.bet.window.OneWin - ✅ 🔄 Intent unregistered
2026-01-18 01:06:38.805 [BettingWindow-3] INFO  com.mouse.bet.window.OneWin - ✅ 🧭 Returned to sport page, ready for next task
2026-01-18 01:06:40.753 [BettingWindow-3] DEBUG com.mouse.bet.window.OneWin - 📊 🔍 Polling for BetLegTask from queue...
2026-01-18 01:06:44.680 [BettingWindow-3] DEBUG com.mouse.bet.window.OneWin - 📊 🔍 Polling for BetLegTask from queue...
2026-01-18 01:06:48.922 [BettingWindow-3] DEBUG com.mouse.bet.window.OneWin - 📊 🔍 Polling for BetLegTask from queue...
2026-01-18 01:06:52.494 [BettingWindow-3] DEBUG com.mouse.bet.window.OneWin - 📊 🔍 Polling for BetLegTask from queue...
2026-01-18 01:06:56.792 [BettingWindow-3] DEBUG com.mouse.bet.window.OneWin - 📊 🔍 Polling for BetLegTask from queue...
2026-01-18 01:06:56.851 [BettingWindow-3] INFO  com.mouse.bet.window.OneWin - ✅ 📊 Received BetLegTask | ArbId: 26 | Bookmaker: 1Win | Outcome: Cerveny Jr, Tomas | Odds: 2.65 | Stake: 0.0
2026-01-18 01:06:56.853 [BettingWindow-3] INFO  com.mouse.bet.window.OneWin - === Tomas Cerveny Jr. vs Simon Holik | Table Tennis ===
Profit: 5.40% | ROI: 184.06% | Age: 3 minutes | Status: IN_PROGRESS
Market: Winner | Outcome: Away

Outcomes:
  1. MSport (ID: 80)
     Teams: Holik, Simon vs Cerveny Jr, Tomas
     Market: Winner | Selection: Home
     Odds: 1.75 (was: 1.42)
     Progress: 2:2
     League: International TT Cup
  2. 1Win (ID: 79)
     Teams: Holik, Simon vs Cerveny Jr, Tomas
     Market: Winner | Selection: Cerveny Jr, Tomas
     Odds: 2.65 (was: 1.90) [INITIATOR]
     Progress: 2:2, 5th set
     League: International. TT Cup

2026-01-18 01:06:56.854 [BettingWindow-3] INFO  com.mouse.bet.window.OneWin - ▶️ 🎯 Executing BetLegTask | BetLegTask[arbId=26, bookmaker=1Win, outcome=Cerveny Jr, Tomas, odds=2.65, stake=0.00, taskId=16193963507436726938:14:;22277:::-2252780574981038139;22278:::-2252780573958668120;] | Attempt: 1/2
2026-01-18 01:06:56.854 [BettingWindow-3] INFO  com.mouse.bet.window.OneWin - 🎯 🔄 Attempt 1/2 for ArbId: 26
2026-01-18 01:06:56.854 [BettingWindow-3] INFO  com.mouse.bet.window.OneWin - ▶️ 🎯 Starting bet deployment for task: 16193963507436726938:14:;22277:::-2252780574981038139;22278:::-2252780573958668120; | ArbId: 26
2026-01-18 01:06:56.854 [BettingWindow-3] INFO  com.mouse.bet.window.OneWin - ✅ 🔄 Intent registered for arb: 16193963507436726938:14:;22277:::-2252780574981038139;22278:::-2252780573958668120;
2026-01-18 01:06:56.854 [BettingWindow-3] INFO  com.mouse.bet.window.OneWin - 🎮 🧭 [1/4] Navigating to game for outcome: Cerveny Jr, Tomas
2026-01-18 01:07:00.659 [BettingWindow-3] INFO  com.mouse.bet.window.OneWin - ✅ 🎮 Game navigation successful
2026-01-18 01:07:01.421 [BettingWindow-3] INFO  com.mouse.bet.window.OneWin - 📈 🛒 [2/4] Selecting and verifying bet
2026-01-18 01:07:06.149 [BettingWindow-3] WARN  com.mouse.bet.window.OneWin - ⚠️ 🛒 Bet selection and verification failed
2026-01-18 01:07:07.339 [BettingWindow-3] WARN  com.mouse.bet.window.OneWin - ⚠️ 🎯 Deployment failed on attempt 1/2
2026-01-18 01:07:07.339 [BettingWindow-3] INFO  com.mouse.bet.window.OneWin - ⏰ 🔄 Retrying after 3000ms....
2026-01-18 01:07:10.341 [BettingWindow-3] INFO  com.mouse.bet.window.OneWin - 🎯 🔄 Attempt 2/2 for ArbId: 26
2026-01-18 01:07:10.341 [BettingWindow-3] INFO  com.mouse.bet.window.OneWin - ▶️ 🎯 Starting bet deployment for task: 16193963507436726938:14:;22277:::-2252780574981038139;22278:::-2252780573958668120; | ArbId: 26
2026-01-18 01:07:10.343 [BettingWindow-3] INFO  com.mouse.bet.window.OneWin - ✅ 🔄 Intent registered for arb: 16193963507436726938:14:;22277:::-2252780574981038139;22278:::-2252780573958668120;
2026-01-18 01:07:10.343 [BettingWindow-3] INFO  com.mouse.bet.window.OneWin - 🎮 🧭 [1/4] Navigating to game for outcome: Cerveny Jr, Tomas
2026-01-18 01:07:13.368 [BettingWindow-3] ERROR com.mouse.bet.window.OneWin - ❌ 🎯 Bet deployment failed: League not found: International. TT Cup
java.lang.IllegalStateException: League not found: International. TT Cup
	at com.mouse.bet.util.onewin.OneWinNavigationUtil.navigateToLeague(OneWinNavigationUtil.java:263)
	at com.mouse.bet.util.onewin.OneWinNavigationUtil.navigateToGame(OneWinNavigationUtil.java:186)
	at com.mouse.bet.window.OneWin.deployBet(OneWin.java:227)
	at com.mouse.bet.window.OneWin.executeBetLegTask(OneWin.java:353)
	at com.mouse.bet.window.OneWin.windowEntry(OneWin.java:947)
	at com.mouse.bet.window.OneWin.run(OneWin.java:791)
	at com.mouse.bet.window.Player.lambda$bookMakerFuture$0(Player.java:141)
	at java.base/java.util.concurrent.Executors$RunnableAdapter.call(Executors.java:539)
	at java.base/java.util.concurrent.FutureTask.run(FutureTask.java:264)
	at java.base/java.util.concurrent.ThreadPoolExecutor.runWorker(ThreadPoolExecutor.java:1136)
	at java.base/java.util.concurrent.ThreadPoolExecutor$Worker.run(ThreadPoolExecutor.java:635)
	at java.base/java.lang.Thread.run(Thread.java:840)
2026-01-18 01:07:13.376 [BettingWindow-3] WARN  com.mouse.bet.window.OneWin - ⚠️ 🎯 Deployment failed on attempt 2/2
2026-01-18 01:07:13.376 [BettingWindow-3] ERROR com.mouse.bet.window.OneWin - ❌ 🎯 BetLegTask failed after 2 attempts | BetLegTask[arbId=26, bookmaker=1Win, outcome=Cerveny Jr, Tomas, odds=2.65, stake=0.00, taskId=16193963507436726938:14:;22277:::-2252780574981038139;22278:::-2252780573958668120;] | Phase advanced
2026-01-18 01:07:13.376 [BettingWindow-3] DEBUG com.mouse.bet.window.OneWin - ✅ 🔄 Intent unregistered
2026-01-18 01:07:16.737 [BettingWindow-3] INFO  com.mouse.bet.window.OneWin - ✅ 🧭 Returned to sport page, ready for next task
2026-01-18 01:07:18.360 [BettingWindow-3] DEBUG com.mouse.bet.window.OneWin - 📊 🔍 Polling for BetLegTask from queue...
2026-01-18 01:07:22.222 [BettingWindow-3] DEBUG com.mouse.bet.window.OneWin - 📊 🔍 Polling for BetLegTask from queue...
2026-01-18 01:07:26.084 [BettingWindow-3] DEBUG com.mouse.bet.window.OneWin - 📊 🔍 Polling for BetLegTask from queue...
2026-01-18 01:07:29.553 [BettingWindow-3] DEBUG com.mouse.bet.window.OneWin - 📊 🔍 Polling for BetLegTask from queue...
2026-01-18 01:07:33.137 [BettingWindow-3] DEBUG com.mouse.bet.window.OneWin - 📊 🔍 Polling for BetLegTask from queue...
2026-01-18 01:07:37.353 [BettingWindow-3] DEBUG com.mouse.bet.window.OneWin - 📊 🔍 Polling for BetLegTask from queue...
2026-01-18 01:07:41.761 [BettingWindow-3] DEBUG com.mouse.bet.window.OneWin - 📊 🔍 Polling for BetLegTask from queue...
2026-01-18 01:07:45.580 [BettingWindow-3] DEBUG com.mouse.bet.window.OneWin - 📊 🔍 Polling for BetLegTask from queue...
2026-01-18 01:07:48.787 [BettingWindow-3] DEBUG com.mouse.bet.window.OneWin - 📊 🔍 Polling for BetLegTask from queue...
2026-01-18 01:07:52.935 [BettingWindow-3] DEBUG com.mouse.bet.window.OneWin - 📊 🔍 Polling for BetLegTask from queue...
2026-01-18 01:07:56.666 [BettingWindow-3] DEBUG com.mouse.bet.window.OneWin - 📊 🔍 Polling for BetLegTask from queue...
2026-01-18 01:07:59.671 [BettingWindow-3] DEBUG com.mouse.bet.window.OneWin - 📊 🔍 Polling for BetLegTask from queue...
2026-01-18 01:08:03.465 [BettingWindow-3] DEBUG com.mouse.bet.window.OneWin - 📊 🔍 Polling for BetLegTask from queue...
2026-01-18 01:08:07.655 [BettingWindow-3] DEBUG com.mouse.bet.window.OneWin - 📊 🔍 Polling for BetLegTask from queue...
2026-01-18 01:08:10.990 [BettingWindow-3] DEBUG com.mouse.bet.window.OneWin - 📊 🔍 Polling for BetLegTask from queue...
2026-01-18 01:08:15.270 [BettingWindow-3] DEBUG com.mouse.bet.window.OneWin - 📊 🔍 Polling for BetLegTask from queue...
2026-01-18 01:08:19.600 [BettingWindow-3] DEBUG com.mouse.bet.window.OneWin - 📊 🔍 Polling for BetLegTask from queue...
2026-01-18 01:08:23.226 [BettingWindow-3] DEBUG com.mouse.bet.window.OneWin - 📊 🔍 Polling for BetLegTask from queue...
2026-01-18 01:08:27.651 [BettingWindow-3] DEBUG com.mouse.bet.window.OneWin - 📊 🔍 Polling for BetLegTask from queue...
2026-01-18 01:08:31.346 [BettingWindow-3] DEBUG com.mouse.bet.window.OneWin - 📊 🔍 Polling for BetLegTask from queue...
2026-01-18 01:08:34.927 [BettingWindow-3] DEBUG com.mouse.bet.window.OneWin - 📊 🔍 Polling for BetLegTask from queue...
2026-01-18 01:08:38.832 [BettingWindow-3] DEBUG com.mouse.bet.window.OneWin - 📊 🔍 Polling for BetLegTask from queue...
2026-01-18 01:08:42.338 [BettingWindow-3] DEBUG com.mouse.bet.window.OneWin - 📊 🔍 Polling for BetLegTask from queue...
2026-01-18 01:08:45.826 [BettingWindow-3] DEBUG com.mouse.bet.window.OneWin - 📊 🔍 Polling for BetLegTask from queue...
2026-01-18 01:08:50.315 [BettingWindow-3] DEBUG com.mouse.bet.window.OneWin - 📊 🔍 Polling for BetLegTask from queue...
2026-01-18 01:08:54.448 [BettingWindow-3] DEBUG com.mouse.bet.window.OneWin - 📊 🔍 Polling for BetLegTask from queue...
2026-01-18 01:08:57.881 [BettingWindow-3] DEBUG com.mouse.bet.window.OneWin - 📊 🔍 Polling for BetLegTask from queue...
2026-01-18 01:09:02.173 [BettingWindow-3] DEBUG com.mouse.bet.window.OneWin - 📊 🔍 Polling for BetLegTask from queue...
2026-01-18 01:09:05.678 [BettingWindow-3] DEBUG com.mouse.bet.window.OneWin - 📊 🔍 Polling for BetLegTask from queue...
2026-01-18 01:09:09.694 [BettingWindow-3] DEBUG com.mouse.bet.window.OneWin - 📊 🔍 Polling for BetLegTask from queue...
2026-01-18 01:09:12.878 [BettingWindow-3] DEBUG com.mouse.bet.window.OneWin - 📊 🔍 Polling for BetLegTask from queue...
2026-01-18 01:09:15.913 [BettingWindow-3] DEBUG com.mouse.bet.window.OneWin - 📊 🔍 Polling for BetLegTask from queue...
2026-01-18 01:09:19.042 [BettingWindow-3] DEBUG com.mouse.bet.window.OneWin - 📊 🔍 Polling for BetLegTask from queue...
2026-01-18 01:09:22.459 [BettingWindow-3] DEBUG com.mouse.bet.window.OneWin - 📊 🔍 Polling for BetLegTask from queue...
2026-01-18 01:09:26.470 [BettingWindow-3] DEBUG com.mouse.bet.window.OneWin - 📊 🔍 Polling for BetLegTask from queue...
2026-01-18 01:09:30.800 [BettingWindow-3] DEBUG com.mouse.bet.window.OneWin - 📊 🔍 Polling for BetLegTask from queue...
2026-01-18 01:09:34.085 [BettingWindow-3] DEBUG com.mouse.bet.window.OneWin - 📊 🔍 Polling for BetLegTask from queue...
2026-01-18 01:09:37.862 [BettingWindow-3] DEBUG com.mouse.bet.window.OneWin - 📊 🔍 Polling for BetLegTask from queue...
2026-01-18 01:09:41.091 [BettingWindow-3] DEBUG com.mouse.bet.window.OneWin - 📊 🔍 Polling for BetLegTask from queue...
2026-01-18 01:09:44.657 [BettingWindow-3] DEBUG com.mouse.bet.window.OneWin - 📊 🔍 Polling for BetLegTask from queue...
2026-01-18 01:09:49.134 [BettingWindow-3] DEBUG com.mouse.bet.window.OneWin - 📊 🔍 Polling for BetLegTask from queue...
2026-01-18 01:09:53.179 [BettingWindow-3] DEBUG com.mouse.bet.window.OneWin - 📊 🔍 Polling for BetLegTask from queue...
2026-01-18 01:09:56.823 [BettingWindow-3] DEBUG com.mouse.bet.window.OneWin - 📊 🔍 Polling for BetLegTask from queue...
2026-01-18 01:10:00.505 [BettingWindow-3] DEBUG com.mouse.bet.window.OneWin - 📊 🔍 Polling for BetLegTask from queue...
2026-01-18 01:10:03.963 [BettingWindow-3] DEBUG com.mouse.bet.window.OneWin - 📊 🔍 Polling for BetLegTask from queue...
2026-01-18 01:10:08.125 [BettingWindow-3] DEBUG com.mouse.bet.window.OneWin - 📊 🔍 Polling for BetLegTask from queue...
2026-01-18 01:10:11.469 [BettingWindow-3] DEBUG com.mouse.bet.window.OneWin - 📊 🔍 Polling for BetLegTask from queue...
2026-01-18 01:10:15.391 [BettingWindow-3] DEBUG com.mouse.bet.window.OneWin - 📊 🔍 Polling for BetLegTask from queue...
2026-01-18 01:10:19.548 [BettingWindow-3] DEBUG com.mouse.bet.window.OneWin - 📊 🔍 Polling for BetLegTask from queue...
2026-01-18 01:10:23.511 [BettingWindow-3] DEBUG com.mouse.bet.window.OneWin - 📊 🔍 Polling for BetLegTask from queue...
2026-01-18 01:10:27.605 [BettingWindow-3] DEBUG com.mouse.bet.window.OneWin - 📊 🔍 Polling for BetLegTask from queue...
2026-01-18 01:10:31.114 [BettingWindow-3] DEBUG com.mouse.bet.window.OneWin - 📊 🔍 Polling for BetLegTask from queue...
2026-01-18 01:10:35.343 [BettingWindow-3] DEBUG com.mouse.bet.window.OneWin - 📊 🔍 Polling for BetLegTask from queue...
2026-01-18 01:10:38.824 [BettingWindow-3] DEBUG com.mouse.bet.window.OneWin - 📊 🔍 Polling for BetLegTask from queue...
2026-01-18 01:10:42.937 [BettingWindow-3] DEBUG com.mouse.bet.window.OneWin - 📊 🔍 Polling for BetLegTask from queue...
2026-01-18 01:10:46.813 [BettingWindow-3] DEBUG com.mouse.bet.window.OneWin - 📊 🔍 Polling for BetLegTask from queue...
2026-01-18 01:10:50.040 [BettingWindow-3] DEBUG com.mouse.bet.window.OneWin - 📊 🔍 Polling for BetLegTask from queue...
2026-01-18 01:10:53.089 [BettingWindow-3] DEBUG com.mouse.bet.window.OneWin - 📊 🔍 Polling for BetLegTask from queue...
2026-01-18 01:10:56.438 [BettingWindow-3] DEBUG com.mouse.bet.window.OneWin - 📊 🔍 Polling for BetLegTask from queue...
2026-01-18 01:11:00.698 [BettingWindow-3] DEBUG com.mouse.bet.window.OneWin - 📊 🔍 Polling for BetLegTask from queue...
2026-01-18 01:11:03.878 [BettingWindow-3] DEBUG com.mouse.bet.window.OneWin - 📊 🔍 Polling for BetLegTask from queue...
2026-01-18 01:11:08.104 [BettingWindow-3] DEBUG com.mouse.bet.window.OneWin - 📊 🔍 Polling for BetLegTask from queue...
2026-01-18 01:11:12.279 [BettingWindow-3] DEBUG com.mouse.bet.window.OneWin - 📊 🔍 Polling for BetLegTask from queue...
2026-01-18 01:11:15.463 [BettingWindow-3] DEBUG com.mouse.bet.window.OneWin - 📊 🔍 Polling for BetLegTask from queue...
2026-01-18 01:11:18.732 [BettingWindow-3] DEBUG com.mouse.bet.window.OneWin - 📊 🔍 Polling for BetLegTask from queue...
2026-01-18 01:11:23.143 [BettingWindow-3] DEBUG com.mouse.bet.window.OneWin - 📊 🔍 Polling for BetLegTask from queue...
2026-01-18 01:11:26.453 [BettingWindow-3] DEBUG com.mouse.bet.window.OneWin - 📊 🔍 Polling for BetLegTask from queue...
2026-01-18 01:11:29.913 [BettingWindow-3] DEBUG com.mouse.bet.window.OneWin - 📊 🔍 Polling for BetLegTask from queue...
2026-01-18 01:11:33.500 [BettingWindow-3] DEBUG com.mouse.bet.window.OneWin - 📊 🔍 Polling for BetLegTask from queue...
2026-01-18 01:11:37.594 [BettingWindow-3] DEBUG com.mouse.bet.window.OneWin - 📊 🔍 Polling for BetLegTask from queue...
2026-01-18 01:11:41.673 [BettingWindow-3] DEBUG com.mouse.bet.window.OneWin - 📊 🔍 Polling for BetLegTask from queue...
2026-01-18 01:11:45.654 [BettingWindow-3] DEBUG com.mouse.bet.window.OneWin - 📊 🔍 Polling for BetLegTask from queue...
2026-01-18 01:11:49.781 [BettingWindow-3] DEBUG com.mouse.bet.window.OneWin - 📊 🔍 Polling for BetLegTask from queue...
2026-01-18 01:11:53.864 [BettingWindow-3] DEBUG com.mouse.bet.window.OneWin - 📊 🔍 Polling for BetLegTask from queue...
2026-01-18 01:11:57.243 [BettingWindow-3] DEBUG com.mouse.bet.window.OneWin - 📊 🔍 Polling for BetLegTask from queue...
2026-01-18 01:12:00.339 [BettingWindow-3] DEBUG com.mouse.bet.window.OneWin - 📊 🔍 Polling for BetLegTask from queue...
2026-01-18 01:12:04.468 [BettingWindow-3] DEBUG com.mouse.bet.window.OneWin - 📊 🔍 Polling for BetLegTask from queue...
2026-01-18 01:12:08.580 [BettingWindow-3] DEBUG com.mouse.bet.window.OneWin - 📊 🔍 Polling for BetLegTask from queue...
2026-01-18 01:12:11.643 [BettingWindow-3] DEBUG com.mouse.bet.window.OneWin - 📊 🔍 Polling for BetLegTask from queue...
2026-01-18 01:12:14.926 [BettingWindow-3] DEBUG com.mouse.bet.window.OneWin - 📊 🔍 Polling for BetLegTask from queue...
2026-01-18 01:12:18.838 [BettingWindow-3] DEBUG com.mouse.bet.window.OneWin - 📊 🔍 Polling for BetLegTask from queue...
2026-01-18 01:12:18.838 [BettingWindow-3] INFO  com.mouse.bet.window.OneWin - ✅ 📊 Received BetLegTask | ArbId: 34 | Bookmaker: 1Win | Outcome: Dedek, Jiri | Odds: 2.35 | Stake: 45300.0
2026-01-18 01:12:18.838 [BettingWindow-3] INFO  com.mouse.bet.window.OneWin - === Дедек И. vs Плахи Й. | Table Tennis ===
Profit: 6.57% | ROI: 223.94% | Age: 22 seconds | Status: IN_PROGRESS
Market: Winner | Outcome: Away

Outcomes:
  1. MSport (ID: 80)
     Teams: Plachy, Jiri vs Dedek, Jiri
     Market: Winner | Selection: Home
     Odds: 1.95 (was: 1.52) | Stake: 50000.00
     Progress: 2:2
     League: Czech Republic Czech Liga Pro
  2. 1Win (ID: 79)
     Teams: Plachy, Jiri vs Dedek, Jiri
     Market: Winner | Selection: Dedek, Jiri
     Odds: 2.35 (was: 3.20) | Stake: 45300.00 [INITIATOR]
     Progress: 2:2, 5th set
     League: Czech Republic. Liga Pro

2026-01-18 01:12:18.839 [BettingWindow-3] INFO  com.mouse.bet.window.OneWin - ▶️ 🎯 Executing BetLegTask | BetLegTask[arbId=34, bookmaker=1Win, outcome=Dedek, Jiri, odds=2.35, stake=45300.00, taskId=16193965000235157219:14:;22277:::-2252780575850198500;22278:::-2252780576305915414;] | Attempt: 1/2
2026-01-18 01:12:18.839 [BettingWindow-3] INFO  com.mouse.bet.window.OneWin - 🎯 🔄 Attempt 1/2 for ArbId: 34
2026-01-18 01:12:18.839 [BettingWindow-3] INFO  com.mouse.bet.window.OneWin - ▶️ 🎯 Starting bet deployment for task: 16193965000235157219:14:;22277:::-2252780575850198500;22278:::-2252780576305915414; | ArbId: 34
2026-01-18 01:12:18.839 [BettingWindow-3] INFO  com.mouse.bet.window.OneWin - ✅ 🔄 Intent registered for arb: 16193965000235157219:14:;22277:::-2252780575850198500;22278:::-2252780576305915414;
2026-01-18 01:12:18.839 [BettingWindow-3] INFO  com.mouse.bet.window.OneWin - 🎮 🧭 [1/4] Navigating to game for outcome: Dedek, Jiri
2026-01-18 01:12:29.708 [BettingWindow-3] INFO  com.mouse.bet.window.OneWin - ✅ 🎮 Game navigation successful
2026-01-18 01:12:30.595 [BettingWindow-3] INFO  com.mouse.bet.window.OneWin - 📈 🛒 [2/4] Selecting and verifying bet
2026-01-18 01:12:58.030 [BettingWindow-3] WARN  com.mouse.bet.window.OneWin - ⚠️ 🛒 Bet selection and verification failed
2026-01-18 01:13:01.238 [BettingWindow-3] WARN  com.mouse.bet.window.OneWin - ⚠️ 🎯 Deployment failed on attempt 1/2
2026-01-18 01:13:01.238 [BettingWindow-3] INFO  com.mouse.bet.window.OneWin - ⏰ 🔄 Retrying after 3000ms....
2026-01-18 01:13:04.241 [BettingWindow-3] INFO  com.mouse.bet.window.OneWin - 🎯 🔄 Attempt 2/2 for ArbId: 34
2026-01-18 01:13:04.243 [BettingWindow-3] INFO  com.mouse.bet.window.OneWin - ▶️ 🎯 Starting bet deployment for task: 16193965000235157219:14:;22277:::-2252780575850198500;22278:::-2252780576305915414; | ArbId: 34
2026-01-18 01:13:04.619 [BettingWindow-3] INFO  com.mouse.bet.window.OneWin - ✅ 🔄 Intent registered for arb: 16193965000235157219:14:;22277:::-2252780575850198500;22278:::-2252780576305915414;
2026-01-18 01:13:04.619 [BettingWindow-3] INFO  com.mouse.bet.window.OneWin - 🎮 🧭 [1/4] Navigating to game for outcome: Dedek, Jiri
2026-01-18 01:13:07.642 [BettingWindow-3] ERROR com.mouse.bet.window.OneWin - ❌ 🎯 Bet deployment failed: League not found: Czech Republic. Liga Pro
java.lang.IllegalStateException: League not found: Czech Republic. Liga Pro
	at com.mouse.bet.util.onewin.OneWinNavigationUtil.navigateToLeague(OneWinNavigationUtil.java:263)
	at com.mouse.bet.util.onewin.OneWinNavigationUtil.navigateToGame(OneWinNavigationUtil.java:186)
	at com.mouse.bet.window.OneWin.deployBet(OneWin.java:227)
	at com.mouse.bet.window.OneWin.executeBetLegTask(OneWin.java:353)
	at com.mouse.bet.window.OneWin.windowEntry(OneWin.java:947)
	at com.mouse.bet.window.OneWin.run(OneWin.java:791)
	at com.mouse.bet.window.Player.lambda$bookMakerFuture$0(Player.java:141)
	at java.base/java.util.concurrent.Executors$RunnableAdapter.call(Executors.java:539)
	at java.base/java.util.concurrent.FutureTask.run(FutureTask.java:264)
	at java.base/java.util.concurrent.ThreadPoolExecutor.runWorker(ThreadPoolExecutor.java:1136)
	at java.base/java.util.concurrent.ThreadPoolExecutor$Worker.run(ThreadPoolExecutor.java:635)
	at java.base/java.lang.Thread.run(Thread.java:840)
2026-01-18 01:13:07.648 [BettingWindow-3] WARN  com.mouse.bet.window.OneWin - ⚠️ 🎯 Deployment failed on attempt 2/2
2026-01-18 01:13:07.648 [BettingWindow-3] ERROR com.mouse.bet.window.OneWin - ❌ 🎯 BetLegTask failed after 2 attempts | BetLegTask[arbId=34, bookmaker=1Win, outcome=Dedek, Jiri, odds=2.35, stake=45300.00, taskId=16193965000235157219:14:;22277:::-2252780575850198500;22278:::-2252780576305915414;] | Phase advanced
2026-01-18 01:13:07.648 [BettingWindow-3] DEBUG com.mouse.bet.window.OneWin - ✅ 🔄 Intent unregistered
