2026-02-14 15:43:51.127 [main] INFO  com.mouse.bet.window.SportyBet - 🚀 🎯 Initializing SportyBet with Playwright...
2026-02-14 15:43:55.152 [main] INFO  com.mouse.bet.window.SportyBet - ✅ 🚀 Playwright initialized successfully
2026-02-14 15:43:55.152 [main] INFO  com.mouse.bet.window.SportyBet - Registering SportyBet Window for Bet placing
2026-02-14 15:44:25.333 [BettingWindow-2] INFO  com.mouse.bet.window.SportyBet - 🚀 🎯 Starting SportyBet attempt 1/3
2026-02-14 15:44:25.333 [BettingWindow-2] INFO  com.mouse.bet.window.SportyBet - ▶️ 🚀 Starting window entry process...
2026-02-14 15:44:25.333 [BettingWindow-2] INFO  com.mouse.bet.window.SportyBet - Loading existing browser context from: .\playwright-context\sporty-context.json
2026-02-14 15:44:57.449 [BettingWindow-2] INFO  com.mouse.bet.window.SportyBet - Existing context loaded successfully
2026-02-14 15:44:58.902 [BettingWindow-2] INFO  com.mouse.bet.window.SportyBet - ✅ 🚀 New page created successfully
2026-02-14 15:46:20.435 [BettingWindow-2] INFO  com.mouse.bet.window.SportyBet - ✅ 🧭 Navigation to bookmaker completed
2026-02-14 15:46:35.992 [BettingWindow-2] INFO  com.mouse.bet.window.SportyBet - ℹ️ 🔐 User not logged in, attempting login...
2026-02-14 15:50:19.062 [BettingWindow-2] ERROR com.mouse.bet.window.SportyBet - ❌ ⚠️ Critical error in windowEntry: Login verification failed
java.lang.RuntimeException: Login verification failed
	at com.mouse.bet.window.SportyBet.windowEntry(SportyBet.java:1012)
	at com.mouse.bet.window.SportyBet.run(SportyBet.java:903)
	at com.mouse.bet.window.Player.lambda$bookMakerFuture$0(Player.java:146)
	at java.base/java.util.concurrent.Executors$RunnableAdapter.call(Executors.java:539)
	at java.base/java.util.concurrent.FutureTask.run(FutureTask.java:264)
	at java.base/java.util.concurrent.ThreadPoolExecutor.runWorker(ThreadPoolExecutor.java:1136)
	at java.base/java.util.concurrent.ThreadPoolExecutor$Worker.run(ThreadPoolExecutor.java:635)
	at java.base/java.lang.Thread.run(Thread.java:840)
2026-02-14 15:50:31.228 [BettingWindow-2] INFO  com.mouse.bet.window.SportyBet - Browser context saved to: .\playwright-context\sporty-context.json
2026-02-14 15:50:31.228 [BettingWindow-2] INFO  com.mouse.bet.window.SportyBet - ✅ 🛑 Window entry completed
2026-02-14 15:50:31.228 [BettingWindow-2] ERROR com.mouse.bet.window.SportyBet - ❌ ⚠️ Unexpected error on attempt 1: Login verification failed
java.lang.RuntimeException: Login verification failed
	at com.mouse.bet.window.SportyBet.windowEntry(SportyBet.java:1012)
	at com.mouse.bet.window.SportyBet.run(SportyBet.java:903)
	at com.mouse.bet.window.Player.lambda$bookMakerFuture$0(Player.java:146)
	at java.base/java.util.concurrent.Executors$RunnableAdapter.call(Executors.java:539)
	at java.base/java.util.concurrent.FutureTask.run(FutureTask.java:264)
	at java.base/java.util.concurrent.ThreadPoolExecutor.runWorker(ThreadPoolExecutor.java:1136)
	at java.base/java.util.concurrent.ThreadPoolExecutor$Worker.run(ThreadPoolExecutor.java:635)
	at java.base/java.lang.Thread.run(Thread.java:840)
2026-02-14 15:50:31.228 [BettingWindow-2] INFO  com.mouse.bet.window.SportyBet - 🔄 🚀 Recreating browser context...
2026-02-14 15:50:31.243 [BettingWindow-2] INFO  com.mouse.bet.window.SportyBet - Old context closed successfully
2026-02-14 15:50:32.244 [BettingWindow-2] INFO  com.mouse.bet.window.SportyBet - ⏰ 🔄 Waiting 2000ms before retry attempt 2...
2026-02-14 15:50:34.245 [BettingWindow-2] INFO  com.mouse.bet.window.SportyBet - 🚀 🎯 Starting SportyBet attempt 2/3
2026-02-14 15:50:34.245 [BettingWindow-2] INFO  com.mouse.bet.window.SportyBet - ▶️ 🚀 Starting window entry process...
2026-02-14 15:51:21.140 [BettingWindow-2] INFO  com.mouse.bet.window.SportyBet - Loading existing browser context from: .\playwright-context\sporty-context.json
2026-02-14 15:51:21.373 [BettingWindow-2] INFO  com.mouse.bet.window.SportyBet - Existing context loaded successfully
2026-02-14 15:51:24.749 [BettingWindow-2] INFO  com.mouse.bet.window.SportyBet - ✅ 🚀 New page created successfully
2026-02-14 15:51:37.052 [BettingWindow-2] INFO  com.mouse.bet.window.SportyBet - ✅ 🧭 Navigation to bookmaker completed
2026-02-14 15:51:41.811 [BettingWindow-2] INFO  com.mouse.bet.window.SportyBet - ℹ️ 🔐 User not logged in, attempting login...
2026-02-14 15:53:15.774 [BettingWindow-2] ERROR com.mouse.bet.window.SportyBet - ❌ ⚠️ Critical error in windowEntry: Login verification failed
java.lang.RuntimeException: Login verification failed
	at com.mouse.bet.window.SportyBet.windowEntry(SportyBet.java:1012)
	at com.mouse.bet.window.SportyBet.run(SportyBet.java:903)
	at com.mouse.bet.window.Player.lambda$bookMakerFuture$0(Player.java:146)
	at java.base/java.util.concurrent.Executors$RunnableAdapter.call(Executors.java:539)
	at java.base/java.util.concurrent.FutureTask.run(FutureTask.java:264)
	at java.base/java.util.concurrent.ThreadPoolExecutor.runWorker(ThreadPoolExecutor.java:1136)
	at java.base/java.util.concurrent.ThreadPoolExecutor$Worker.run(ThreadPoolExecutor.java:635)
	at java.base/java.lang.Thread.run(Thread.java:840)
2026-02-14 15:53:23.944 [BettingWindow-2] INFO  com.mouse.bet.window.SportyBet - Browser context saved to: .\playwright-context\sporty-context.json
2026-02-14 15:53:23.944 [BettingWindow-2] INFO  com.mouse.bet.window.SportyBet - ✅ 🛑 Window entry completed
2026-02-14 15:53:23.944 [BettingWindow-2] ERROR com.mouse.bet.window.SportyBet - ❌ ⚠️ Unexpected error on attempt 2: Login verification failed
java.lang.RuntimeException: Login verification failed
	at com.mouse.bet.window.SportyBet.windowEntry(SportyBet.java:1012)
	at com.mouse.bet.window.SportyBet.run(SportyBet.java:903)
	at com.mouse.bet.window.Player.lambda$bookMakerFuture$0(Player.java:146)
	at java.base/java.util.concurrent.Executors$RunnableAdapter.call(Executors.java:539)
	at java.base/java.util.concurrent.FutureTask.run(FutureTask.java:264)
	at java.base/java.util.concurrent.ThreadPoolExecutor.runWorker(ThreadPoolExecutor.java:1136)
	at java.base/java.util.concurrent.ThreadPoolExecutor$Worker.run(ThreadPoolExecutor.java:635)
	at java.base/java.lang.Thread.run(Thread.java:840)
2026-02-14 15:53:23.945 [BettingWindow-2] INFO  com.mouse.bet.window.SportyBet - 🔄 🚀 Recreating browser context...
2026-02-14 15:53:23.965 [BettingWindow-2] INFO  com.mouse.bet.window.SportyBet - Old context closed successfully
2026-02-14 15:53:24.967 [BettingWindow-2] INFO  com.mouse.bet.window.SportyBet - ⏰ 🔄 Waiting 4000ms before retry attempt 3...
2026-02-14 15:53:28.968 [BettingWindow-2] INFO  com.mouse.bet.window.SportyBet - 🚀 🎯 Starting SportyBet attempt 3/3
2026-02-14 15:53:28.968 [BettingWindow-2] INFO  com.mouse.bet.window.SportyBet - ▶️ 🚀 Starting window entry process...
2026-02-14 15:53:41.897 [BettingWindow-2] INFO  com.mouse.bet.window.SportyBet - Loading existing browser context from: .\playwright-context\sporty-context.json
2026-02-14 15:53:42.734 [BettingWindow-2] INFO  com.mouse.bet.window.SportyBet - Existing context loaded successfully
2026-02-14 15:53:43.023 [BettingWindow-2] INFO  com.mouse.bet.window.SportyBet - ✅ 🚀 New page created successfully
2026-02-14 15:53:54.502 [BettingWindow-2] INFO  com.mouse.bet.window.SportyBet - ✅ 🧭 Navigation to bookmaker completed
2026-02-14 15:53:57.051 [BettingWindow-2] INFO  com.mouse.bet.window.SportyBet - ℹ️ 🔐 User not logged in, attempting login...
2026-02-14 15:55:06.617 [BettingWindow-2] INFO  com.mouse.bet.window.SportyBet - ✅ 🔐 Login successful
2026-02-14 15:55:19.292 [BettingWindow-2] DEBUG com.mouse.bet.window.SportyBet - ℹ️ 🔍 Determining configured sport from settings...
2026-02-14 15:55:37.890 [BettingWindow-2] ERROR com.mouse.bet.window.SportyBet - ❌ ⚠️ Critical error in windowEntry: Sport not found in dropdown: Soccer
java.lang.RuntimeException: Sport not found in dropdown: Soccer
	at com.mouse.bet.util.sporty.SportyNavigationUtil.clickSportViaMoreSportsDropdown(SportyNavigationUtil.java:430)
	at com.mouse.bet.util.sporty.SportyNavigationUtil.switchToLiveSport(SportyNavigationUtil.java:276)
	at com.mouse.bet.util.sporty.SportyNavigationUtil.navigateToSportPage(SportyNavigationUtil.java:228)
	at com.mouse.bet.window.SportyBet.windowEntry(SportyBet.java:1030)
	at com.mouse.bet.window.SportyBet.run(SportyBet.java:903)
	at com.mouse.bet.window.Player.lambda$bookMakerFuture$0(Player.java:146)
	at java.base/java.util.concurrent.Executors$RunnableAdapter.call(Executors.java:539)
	at java.base/java.util.concurrent.FutureTask.run(FutureTask.java:264)
	at java.base/java.util.concurrent.ThreadPoolExecutor.runWorker(ThreadPoolExecutor.java:1136)
	at java.base/java.util.concurrent.ThreadPoolExecutor$Worker.run(ThreadPoolExecutor.java:635)
	at java.base/java.lang.Thread.run(Thread.java:840)
2026-02-14 15:55:47.294 [BettingWindow-2] INFO  com.mouse.bet.window.SportyBet - Browser context saved to: .\playwright-context\sporty-context.json
2026-02-14 15:55:47.294 [BettingWindow-2] INFO  com.mouse.bet.window.SportyBet - ✅ 🛑 Window entry completed
2026-02-14 15:55:47.294 [BettingWindow-2] ERROR com.mouse.bet.window.SportyBet - ❌ ⚠️ Unexpected error on attempt 3: Sport not found in dropdown: Soccer
java.lang.RuntimeException: Sport not found in dropdown: Soccer
	at com.mouse.bet.util.sporty.SportyNavigationUtil.clickSportViaMoreSportsDropdown(SportyNavigationUtil.java:430)
	at com.mouse.bet.util.sporty.SportyNavigationUtil.switchToLiveSport(SportyNavigationUtil.java:276)
	at com.mouse.bet.util.sporty.SportyNavigationUtil.navigateToSportPage(SportyNavigationUtil.java:228)
	at com.mouse.bet.window.SportyBet.windowEntry(SportyBet.java:1030)
	at com.mouse.bet.window.SportyBet.run(SportyBet.java:903)
	at com.mouse.bet.window.Player.lambda$bookMakerFuture$0(Player.java:146)
	at java.base/java.util.concurrent.Executors$RunnableAdapter.call(Executors.java:539)
	at java.base/java.util.concurrent.FutureTask.run(FutureTask.java:264)
	at java.base/java.util.concurrent.ThreadPoolExecutor.runWorker(ThreadPoolExecutor.java:1136)
	at java.base/java.util.concurrent.ThreadPoolExecutor$Worker.run(ThreadPoolExecutor.java:635)
	at java.base/java.lang.Thread.run(Thread.java:840)
2026-02-14 15:55:47.294 [BettingWindow-2] ERROR com.mouse.bet.window.SportyBet - ❌ 🎯 All retry attempts exhausted for profile win-chrome-amd: Failed after 3 attempts. Last error: Sport not found in dropdown: Soccer
