2026-01-18 01:00:59.235 [BettingWindow-1] INFO  c.m.bet.util.msport.MSportMarketUtil - Selecting: 4th game - point handicap → Away (+5.5)
2026-01-18 01:01:09.861 [BettingWindow-1] INFO  c.m.bet.util.msport.MSportMarketUtil - Detected market type: POINT_HANDICAP
2026-01-18 01:01:18.382 [BettingWindow-1] INFO  c.m.bet.util.msport.MSportMarketUtil - FOUND: 4th game - point handicap → Away (+5.5) @ 1.80
2026-01-18 01:01:18.389 [BettingWindow-1] INFO  c.m.bet.util.msport.MSportMarketUtil - fresh betting task from DB is not null
2026-01-18 01:01:18.389 [BettingWindow-1] WARN  c.m.bet.util.msport.MSportMarketUtil - Odds drifted: expected 1.52 → got 1.80
2026-01-18 01:01:23.225 [BettingWindow-1] INFO  c.m.bet.util.msport.MSportMarketUtil - CLICKED: 4th game - point handicap → Away (+5.5) @ 1.80
2026-01-18 01:01:24.583 [BettingWindow-1] DEBUG c.m.bet.util.msport.MSportMarketUtil - Searching betslip for: Market='4th game - point handicap' (normalized: 'point handicap'), Outcome='Away (+5.5)' (normalized: 'away (+5.5)')
2026-01-18 01:01:27.489 [BettingWindow-1] DEBUG c.m.bet.util.msport.MSportMarketUtil - Checking selection: Teams='Kolodziej, Krystian
           vs 
            Makajew, Maciej' | Market='4th game - point handicap' | Outcome='Away (+5.5)' @ 2.35
2026-01-18 01:01:27.491 [BettingWindow-1] INFO  c.m.bet.util.msport.MSportMarketUtil - ✅ ✅ Bet verified in betslip: 4th game - point handicap → Away (+5.5) @ 2.35
2026-01-18 01:01:28.087 [BettingWindow-1] INFO  c.m.bet.util.msport.MSportMarketUtil - 🗑️ Clearing 1 selection(s)...
2026-01-18 01:01:29.238 [BettingWindow-1] INFO  c.m.bet.util.msport.MSportMarketUtil - ✅ Betslip cleared successfully
2026-01-18 01:02:26.182 [BettingWindow-1] INFO  c.m.bet.util.msport.MSportMarketUtil - Selecting: Winner → Home
2026-01-18 01:02:27.351 [BettingWindow-1] INFO  c.m.bet.util.msport.MSportMarketUtil - Detected market type: WINNER
2026-01-18 01:02:27.614 [BettingWindow-1] INFO  c.m.bet.util.msport.MSportMarketUtil - FOUND: Winner → Home @ 1.22
2026-01-18 01:02:27.632 [BettingWindow-1] INFO  c.m.bet.util.msport.MSportMarketUtil - fresh betting task from DB is not null
2026-01-18 01:02:27.632 [BettingWindow-1] WARN  c.m.bet.util.msport.MSportMarketUtil - Odds drifted: expected 1.9 → got 1.22
2026-01-18 01:02:28.776 [BettingWindow-1] INFO  c.m.bet.util.msport.MSportMarketUtil - CLICKED: Winner → Home @ 1.22
2026-01-18 01:02:29.795 [BettingWindow-1] DEBUG c.m.bet.util.msport.MSportMarketUtil - Searching betslip for: Market='Winner' (normalized: 'winner'), Outcome='Home' (normalized: 'home')
2026-01-18 01:02:31.904 [BettingWindow-1] DEBUG c.m.bet.util.msport.MSportMarketUtil - Checking selection: Teams='Holik, Simon
           vs 
            Cerveny Jr, Tomas' | Market='Winner' | Outcome='Home' @ 1.22
2026-01-18 01:02:31.904 [BettingWindow-1] INFO  c.m.bet.util.msport.MSportMarketUtil - ✅ ✅ Bet verified in betslip: Winner → Home @ 1.22
2026-01-18 01:02:32.559 [BettingWindow-1] INFO  c.m.bet.util.msport.MSportMarketUtil - 🗑️ Clearing 1 selection(s)...
2026-01-18 01:02:33.650 [BettingWindow-1] INFO  c.m.bet.util.msport.MSportMarketUtil - ✅ Betslip cleared successfully
2026-01-18 01:03:10.876 [BettingWindow-1] INFO  c.m.bet.util.msport.MSportMarketUtil - Selecting: Points O/U → Over 98.5
2026-01-18 01:03:13.577 [BettingWindow-1] INFO  c.m.bet.util.msport.MSportMarketUtil - Detected market type: OVER_UNDER
2026-01-18 01:03:13.743 [BettingWindow-1] INFO  c.m.bet.util.msport.MSportMarketUtil - FOUND: Points O/U → Over 98.5 @ 2.45
2026-01-18 01:03:13.746 [BettingWindow-1] INFO  c.m.bet.util.msport.MSportMarketUtil - fresh betting task from DB is not null
2026-01-18 01:03:13.747 [BettingWindow-1] WARN  c.m.bet.util.msport.MSportMarketUtil - Odds drifted: expected 2.6 → got 2.45
2026-01-18 01:03:17.108 [BettingWindow-1] INFO  c.m.bet.util.msport.MSportMarketUtil - CLICKED: Points O/U → Over 98.5 @ 2.45
2026-01-18 01:03:17.947 [BettingWindow-1] DEBUG c.m.bet.util.msport.MSportMarketUtil - Searching betslip for: Market='Points O/U' (normalized: 'points o/u'), Outcome='Over 98.5' (normalized: 'over 98.5')
2026-01-18 01:03:19.452 [BettingWindow-1] DEBUG c.m.bet.util.msport.MSportMarketUtil - Checking selection: Teams='Dedek, Jiri
           vs 
            Plachy, Jiri' | Market='Points O/U' | Outcome='Over 98.5' @ 2.45
2026-01-18 01:03:19.453 [BettingWindow-1] INFO  c.m.bet.util.msport.MSportMarketUtil - ✅ ✅ Bet verified in betslip: Points O/U → Over 98.5 @ 2.45
2026-01-18 01:03:19.566 [BettingWindow-1] INFO  c.m.bet.util.msport.MSportMarketUtil - 🗑️ Clearing 1 selection(s)...
2026-01-18 01:03:20.922 [BettingWindow-1] INFO  c.m.bet.util.msport.MSportMarketUtil - ✅ Betslip cleared successfully
2026-01-18 01:04:30.351 [BettingWindow-1] INFO  c.m.bet.util.msport.MSportMarketUtil - Selecting: Point handicap → Home (-6.5)
2026-01-18 01:04:31.260 [BettingWindow-1] INFO  c.m.bet.util.msport.MSportMarketUtil - Detected market type: POINT_HANDICAP
2026-01-18 01:04:31.292 [BettingWindow-1] WARN  c.m.bet.util.msport.MSportMarketUtil - Available POINT_HANDICAP outcomes across 1 market block(s):
2026-01-18 01:04:31.294 [BettingWindow-1] WARN  c.m.bet.util.msport.MSportMarketUtil -  ================================================================================
2026-01-18 01:04:31.294 [BettingWindow-1] WARN  c.m.bet.util.msport.MSportMarketUtil - Block 1 of 1: 'Point handicap'
2026-01-18 01:04:31.312 [BettingWindow-1] WARN  c.m.bet.util.msport.MSportMarketUtil -   Columns: Home | Away
2026-01-18 01:04:31.313 [BettingWindow-1] WARN  c.m.bet.util.msport.MSportMarketUtil -   ----------------------------------------------------------------------
2026-01-18 01:04:31.416 [BettingWindow-1] WARN  c.m.bet.util.msport.MSportMarketUtil -   Row 2: -4.5       @ 2.80   | +4.5       @ 1.40  
2026-01-18 01:04:31.538 [BettingWindow-1] WARN  c.m.bet.util.msport.MSportMarketUtil -   Row 3: -3.5       @ 2.80   | +3.5       @ 1.40  
2026-01-18 01:04:31.633 [BettingWindow-1] WARN  c.m.bet.util.msport.MSportMarketUtil -   Row 4: -2.5       @ 2.80   | +2.5       @ 1.40  
2026-01-18 01:04:31.633 [BettingWindow-1] WARN  c.m.bet.util.msport.MSportMarketUtil -  ================================================================================
2026-01-18 01:04:31.640 [BettingWindow-1] INFO  c.m.bet.util.msport.MSportMarketUtil - ✅ Betslip already empty
2026-01-18 01:04:58.924 [BettingWindow-1] INFO  c.m.bet.util.msport.MSportMarketUtil - Selecting: Winner → Away
2026-01-18 01:05:01.858 [BettingWindow-1] INFO  c.m.bet.util.msport.MSportMarketUtil - Detected market type: WINNER
2026-01-18 01:05:02.278 [BettingWindow-1] INFO  c.m.bet.util.msport.MSportMarketUtil - FOUND: Winner → Away @ 1.80
2026-01-18 01:05:02.281 [BettingWindow-1] INFO  c.m.bet.util.msport.MSportMarketUtil - fresh betting task from DB is not null
2026-01-18 01:05:02.281 [BettingWindow-1] WARN  c.m.bet.util.msport.MSportMarketUtil - Odds drifted: expected 2.05 → got 1.80
2026-01-18 01:05:02.727 [BettingWindow-1] INFO  c.m.bet.util.msport.MSportMarketUtil - CLICKED: Winner → Away @ 1.80
2026-01-18 01:05:03.091 [BettingWindow-1] DEBUG c.m.bet.util.msport.MSportMarketUtil - Searching betslip for: Market='Winner' (normalized: 'winner'), Outcome='Away' (normalized: 'away')
2026-01-18 01:05:03.192 [BettingWindow-1] DEBUG c.m.bet.util.msport.MSportMarketUtil - Checking selection: Teams='Stefek, Martin
           vs 
            Sulava, Lubor' | Market='Winner' | Outcome='Away' @ 1.80
2026-01-18 01:05:03.192 [BettingWindow-1] INFO  c.m.bet.util.msport.MSportMarketUtil - ✅ ✅ Bet verified in betslip: Winner → Away @ 1.80
2026-01-18 01:05:05.071 [BettingWindow-1] INFO  c.m.bet.util.msport.MSportMarketUtil - 🗑️ Clearing 1 selection(s)...
2026-01-18 01:05:05.971 [BettingWindow-1] INFO  c.m.bet.util.msport.MSportMarketUtil - ✅ Betslip cleared successfully
2026-01-18 01:05:59.048 [BettingWindow-1] INFO  c.m.bet.util.msport.MSportMarketUtil - Selecting: Point handicap → Home (-5.5)
2026-01-18 01:05:59.646 [BettingWindow-1] INFO  c.m.bet.util.msport.MSportMarketUtil - Detected market type: POINT_HANDICAP
2026-01-18 01:05:59.702 [BettingWindow-1] WARN  c.m.bet.util.msport.MSportMarketUtil - Available POINT_HANDICAP outcomes across 1 market block(s):
2026-01-18 01:05:59.702 [BettingWindow-1] WARN  c.m.bet.util.msport.MSportMarketUtil -  ================================================================================
2026-01-18 01:05:59.702 [BettingWindow-1] WARN  c.m.bet.util.msport.MSportMarketUtil - Block 1 of 1: 'Point handicap'
2026-01-18 01:05:59.719 [BettingWindow-1] WARN  c.m.bet.util.msport.MSportMarketUtil -   Columns: Home | Away
2026-01-18 01:05:59.719 [BettingWindow-1] WARN  c.m.bet.util.msport.MSportMarketUtil -   ----------------------------------------------------------------------
2026-01-18 01:05:59.843 [BettingWindow-1] WARN  c.m.bet.util.msport.MSportMarketUtil -   Row 2: -4.5       @ 1.80   | +4.5       @ 1.90  
2026-01-18 01:06:00.001 [BettingWindow-1] WARN  c.m.bet.util.msport.MSportMarketUtil -   Row 3: -3.5       @ 1.80   | +3.5       @ 1.90  
2026-01-18 01:06:00.127 [BettingWindow-1] WARN  c.m.bet.util.msport.MSportMarketUtil -   Row 4: -2.5       @ 1.80   | +2.5       @ 1.90  
2026-01-18 01:06:00.127 [BettingWindow-1] WARN  c.m.bet.util.msport.MSportMarketUtil -  ================================================================================
2026-01-18 01:06:00.151 [BettingWindow-1] INFO  c.m.bet.util.msport.MSportMarketUtil - ✅ Betslip already empty
2026-01-18 01:12:26.345 [BettingWindow-1] INFO  c.m.bet.util.msport.MSportMarketUtil - Selecting: Winner → Home
2026-01-18 01:12:41.117 [BettingWindow-1] INFO  c.m.bet.util.msport.MSportMarketUtil - Detected market type: WINNER
2026-01-18 01:12:45.182 [BettingWindow-1] INFO  c.m.bet.util.msport.MSportMarketUtil - FOUND: Winner → Home @ 2.10
2026-01-18 01:12:45.187 [BettingWindow-1] INFO  c.m.bet.util.msport.MSportMarketUtil - fresh betting task from DB is not null
2026-01-18 01:12:45.187 [BettingWindow-1] WARN  c.m.bet.util.msport.MSportMarketUtil - Odds drifted: expected 3.2 → got 2.10
2026-01-18 01:12:47.433 [BettingWindow-1] INFO  c.m.bet.util.msport.MSportMarketUtil - CLICKED: Winner → Home @ 2.10
2026-01-18 01:12:48.100 [BettingWindow-1] DEBUG c.m.bet.util.msport.MSportMarketUtil - Searching betslip for: Market='Winner' (normalized: 'winner'), Outcome='Home' (normalized: 'home')
2026-01-18 01:12:48.523 [BettingWindow-1] DEBUG c.m.bet.util.msport.MSportMarketUtil - Checking selection: Teams='Dedek, Jiri
           vs 
            Plachy, Jiri' | Market='Winner' | Outcome='Home' @ 2.10
2026-01-18 01:12:48.524 [BettingWindow-1] INFO  c.m.bet.util.msport.MSportMarketUtil - ✅ ✅ Bet verified in betslip: Winner → Home @ 2.10
2026-01-18 01:12:52.632 [BettingWindow-1] INFO  c.m.bet.util.msport.MSportMarketUtil - 🗑️ Clearing 1 selection(s)...
2026-01-18 01:12:53.572 [BettingWindow-1] INFO  c.m.bet.util.msport.MSportMarketUtil - ✅ Betslip cleared successfully
