2026-01-25 16:58:07.169 [main] INFO  c.m.b.util.onexbet.OneXBetLoginUtils - ⏳ Waiting for page to be ready...
2026-01-25 16:58:40.532 [main] INFO  c.m.b.util.onexbet.OneXBetLoginUtils - ✅ Page DOM ready
2026-01-25 16:58:40.532 [main] DEBUG c.m.b.util.onexbet.OneXBetLoginUtils - 🔍 🔐 Checking if user is already logged in...
2026-01-25 16:58:41.210 [main] INFO  c.m.b.util.onexbet.OneXBetLoginUtils - ⚠️ 🔐 User is NOT logged in - Login button is visible
2026-01-25 16:58:41.212 [main] INFO  c.m.b.util.onexbet.OneXBetLoginUtils - 🔐 ℹ️ Starting 1xBet login process for user: kufreedwarde26@gmail.com
2026-01-25 16:58:41.215 [main] DEBUG c.m.b.util.onexbet.OneXBetLoginUtils - 🔍 🔐 Checking if user is already logged in...
2026-01-25 16:58:41.362 [main] INFO  c.m.b.util.onexbet.OneXBetLoginUtils - ⚠️ 🔐 User is NOT logged in - Login button is visible
2026-01-25 16:58:41.363 [main] INFO  c.m.b.util.onexbet.OneXBetLoginUtils - 🔍 🔐 [1/4] Looking for login button...
2026-01-25 16:58:41.363 [main] DEBUG c.m.b.util.onexbet.OneXBetLoginUtils - Strategy 1: Finding by role and name 'Log in'...
2026-01-25 16:58:41.613 [main] DEBUG c.m.b.util.onexbet.OneXBetLoginUtils - ✅ Login button found via role+name strategy
2026-01-25 16:58:41.613 [main] INFO  c.m.b.util.onexbet.OneXBetLoginUtils - ℹ️ 🔐 Clicking login button...
2026-01-25 16:58:43.092 [main] INFO  c.m.b.util.onexbet.OneXBetLoginUtils - ✅ 🔐 Login button clicked successfully
2026-01-25 16:58:46.481 [main] INFO  c.m.b.util.onexbet.OneXBetLoginUtils - 🔍 🔐 [2/4] Looking for username field...
2026-01-25 16:58:46.482 [main] DEBUG c.m.b.util.onexbet.OneXBetLoginUtils - Trying username selector: input#username
2026-01-25 16:58:46.541 [main] DEBUG c.m.b.util.onexbet.OneXBetLoginUtils - ✅ Username field found with selector: input#username
2026-01-25 16:58:46.542 [main] INFO  c.m.b.util.onexbet.OneXBetLoginUtils - ℹ️ 🔐 Typing username...
2026-01-25 16:58:46.996 [main] DEBUG c.m.b.util.onexbet.OneXBetLoginUtils - Typing text with human-like behavior (length: 24)
2026-01-25 16:58:54.144 [main] INFO  c.m.b.util.onexbet.OneXBetLoginUtils - ✅ 🔐 Username entered: kufreedwarde26@gmail.com
2026-01-25 16:58:54.951 [main] INFO  c.m.b.util.onexbet.OneXBetLoginUtils - 🔍 🔐 [3/4] Looking for password field...
2026-01-25 16:58:54.951 [main] DEBUG c.m.b.util.onexbet.OneXBetLoginUtils - Trying password selector: input#username-password
2026-01-25 16:58:54.980 [main] DEBUG c.m.b.util.onexbet.OneXBetLoginUtils - ✅ Password field found with selector: input#username-password
2026-01-25 16:58:54.980 [main] INFO  c.m.b.util.onexbet.OneXBetLoginUtils - ℹ️ 🔐 Typing password...
2026-01-25 16:58:56.177 [main] DEBUG c.m.b.util.onexbet.OneXBetLoginUtils - Typing text with human-like behavior (length: 13)
2026-01-25 16:58:59.871 [main] INFO  c.m.b.util.onexbet.OneXBetLoginUtils - ✅ 🔐 Password entered (hidden for security)
2026-01-25 16:59:01.163 [main] INFO  c.m.b.util.onexbet.OneXBetLoginUtils - 🔍 🔐 [4/4] Looking for submit button...
2026-01-25 16:59:01.163 [main] DEBUG c.m.b.util.onexbet.OneXBetLoginUtils - Looking for button with type='submit'...
2026-01-25 16:59:01.193 [main] DEBUG c.m.b.util.onexbet.OneXBetLoginUtils - ✅ Submit button found (type=submit)
2026-01-25 16:59:01.193 [main] INFO  c.m.b.util.onexbet.OneXBetLoginUtils - ℹ️ 🔐 Clicking submit button...
2026-01-25 16:59:02.633 [main] INFO  c.m.b.util.onexbet.OneXBetLoginUtils - ✅ 🔐 Submit button clicked
2026-01-25 16:59:02.634 [main] INFO  c.m.b.util.onexbet.OneXBetLoginUtils - ℹ️ 🔐 Waiting for login to process...
2026-01-25 16:59:09.276 [main] INFO  c.m.b.util.onexbet.OneXBetLoginUtils - 🔍 🔐 Verifying login status...
2026-01-25 16:59:09.276 [main] DEBUG c.m.b.util.onexbet.OneXBetLoginUtils - 🔍 🔐 Checking if user is already logged in...
2026-01-25 16:59:09.286 [main] INFO  c.m.b.util.onexbet.OneXBetLoginUtils - ✅ 🔐 User is logged in - Login button is not visible
2026-01-25 16:59:09.287 [main] INFO  c.m.b.util.onexbet.OneXBetLoginUtils - ✅ 🔐 LOGIN SUCCESSFUL for user: kufreedwarde26@gmail.com
2026-01-25 16:59:09.288 [main] INFO  c.m.b.util.onexbet.OneXBetLoginUtils - ⏳ Waiting for page to be ready...
2026-01-25 16:59:46.169 [main] INFO  c.m.b.util.onexbet.OneXBetLoginUtils - ✅ Page DOM ready
2026-01-25 16:59:46.170 [main] DEBUG c.m.b.util.onexbet.OneXBetLoginUtils - 🔍 🔐 Checking if user is already logged in...
2026-01-25 16:59:46.656 [main] INFO  c.m.b.util.onexbet.OneXBetLoginUtils - ✅ 🔐 User is logged in - Login button is not visible
2026-01-25 16:59:47.513 [main] INFO  c.m.b.util.onexbet.OneXBetLoginUtils - ⏳ Waiting for page to be ready...
2026-01-25 17:00:20.074 [main] INFO  c.m.b.util.onexbet.OneXBetLoginUtils - ✅ Page DOM ready
2026-01-25 17:00:20.078 [main] DEBUG c.m.b.util.onexbet.OneXBetLoginUtils - 🔍 🔐 Checking if user is already logged in...
2026-01-25 17:00:20.594 [main] INFO  c.m.b.util.onexbet.OneXBetLoginUtils - ✅ 🔐 User is logged in - Login button is not visible
2026-01-25 17:00:20.595 [main] INFO  c.m.b.util.onexbet.OneXBetLoginUtils - ⏳ Waiting for page to be ready...
2026-01-25 17:01:07.479 [main] INFO  c.m.b.util.onexbet.OneXBetLoginUtils - ✅ Page DOM ready
