2026-01-31 20:37:49.784 [BettingWindow-1] INFO  c.m.b.u.msport.MSportNavigationUtil - 🧭 ▶️ Navigating to MSport homepage: https://www.msport.com/ng/web
2026-01-31 20:38:49.803 [BettingWindow-1] WARN  c.m.b.u.msport.MSportNavigationUtil - ⚠️ 🎯 Navigation attempt 1/3 failed: Error {
  message='Timeout 60000ms exceeded.
  name='TimeoutError
  stack='TimeoutError: Timeout 60000ms exceeded.
    at ProgressController.run (C:\Users\USER\AppData\Local\Temp\playwright-java-7258263573629053976\package\lib\server\progress.js:68:28)
    at FrameDispatcher._runCommand (C:\Users\USER\AppData\Local\Temp\playwright-java-7258263573629053976\package\lib\server\dispatchers\dispatcher.js:95:31)
    at DispatcherConnection.dispatch (C:\Users\USER\AppData\Local\Temp\playwright-java-7258263573629053976\package\lib\server\dispatchers\dispatcher.js:329:39)
}
Call log:
-   - navigating to "https://www.msport.com/ng/web", waiting until "networkidle"

2026-01-31 20:39:51.928 [BettingWindow-1] WARN  c.m.b.u.msport.MSportNavigationUtil - ⚠️ 🎯 Navigation attempt 2/3 failed: Error {
  message='Timeout 60000ms exceeded.
  name='TimeoutError
  stack='TimeoutError: Timeout 60000ms exceeded.
    at ProgressController.run (C:\Users\USER\AppData\Local\Temp\playwright-java-7258263573629053976\package\lib\server\progress.js:68:28)
    at FrameDispatcher._runCommand (C:\Users\USER\AppData\Local\Temp\playwright-java-7258263573629053976\package\lib\server\dispatchers\dispatcher.js:95:31)
    at DispatcherConnection.dispatch (C:\Users\USER\AppData\Local\Temp\playwright-java-7258263573629053976\package\lib\server\dispatchers\dispatcher.js:329:39)
}
Call log:
-   - navigating to "https://www.msport.com/ng/web", waiting until "networkidle"

2026-01-31 20:40:55.944 [BettingWindow-1] WARN  c.m.b.u.msport.MSportNavigationUtil - ⚠️ 🎯 Navigation attempt 3/3 failed: Error {
  message='Timeout 60000ms exceeded.
  name='TimeoutError
  stack='TimeoutError: Timeout 60000ms exceeded.
    at ProgressController.run (C:\Users\USER\AppData\Local\Temp\playwright-java-7258263573629053976\package\lib\server\progress.js:68:28)
    at FrameDispatcher._runCommand (C:\Users\USER\AppData\Local\Temp\playwright-java-7258263573629053976\package\lib\server\dispatchers\dispatcher.js:95:31)
    at DispatcherConnection.dispatch (C:\Users\USER\AppData\Local\Temp\playwright-java-7258263573629053976\package\lib\server\dispatchers\dispatcher.js:329:39)
}
Call log:
-   - navigating to "https://www.msport.com/ng/web", waiting until "networkidle"

2026-01-31 20:40:55.944 [BettingWindow-1] ERROR c.m.b.u.msport.MSportNavigationUtil - ❌ 🎯 Failed to navigate after 3 attempts: Error {
  message='Timeout 60000ms exceeded.
  name='TimeoutError
  stack='TimeoutError: Timeout 60000ms exceeded.
    at ProgressController.run (C:\Users\USER\AppData\Local\Temp\playwright-java-7258263573629053976\package\lib\server\progress.js:68:28)
    at FrameDispatcher._runCommand (C:\Users\USER\AppData\Local\Temp\playwright-java-7258263573629053976\package\lib\server\dispatchers\dispatcher.js:95:31)
    at DispatcherConnection.dispatch (C:\Users\USER\AppData\Local\Temp\playwright-java-7258263573629053976\package\lib\server\dispatchers\dispatcher.js:329:39)
}
Call log:
-   - navigating to "https://www.msport.com/ng/web", waiting until "networkidle"

2026-01-31 20:41:02.478 [BettingWindow-1] INFO  c.m.b.u.msport.MSportNavigationUtil - 🧭 ▶️ Navigating to MSport homepage: https://www.msport.com/ng/web
2026-01-31 20:42:02.491 [BettingWindow-1] WARN  c.m.b.u.msport.MSportNavigationUtil - ⚠️ 🎯 Navigation attempt 1/3 failed: Error {
  message='Timeout 60000ms exceeded.
  name='TimeoutError
  stack='TimeoutError: Timeout 60000ms exceeded.
    at ProgressController.run (C:\Users\USER\AppData\Local\Temp\playwright-java-7258263573629053976\package\lib\server\progress.js:68:28)
    at FrameDispatcher._runCommand (C:\Users\USER\AppData\Local\Temp\playwright-java-7258263573629053976\package\lib\server\dispatchers\dispatcher.js:95:31)
    at DispatcherConnection.dispatch (C:\Users\USER\AppData\Local\Temp\playwright-java-7258263573629053976\package\lib\server\dispatchers\dispatcher.js:329:39)
}
Call log:
-   - navigating to "https://www.msport.com/ng/web", waiting until "networkidle"

