2026-01-18 00:58:08.623 [BettingWindow-3] INFO  c.m.b.u.onewin.OneWinNavigationUtil - 🧭 ▶️ Navigating to MSport homepage: https://1win.ng/betting/live
2026-01-18 00:58:10.895 [BettingWindow-3] INFO  c.m.b.u.onewin.OneWinNavigationUtil - ✅ 🎯 Successfully navigated to MSport
2026-01-18 00:58:10.895 [BettingWindow-3] INFO  c.m.b.u.onewin.OneWinNavigationUtil - ⏰ 💚 Waiting for page to be ready...
2026-01-18 00:58:15.252 [BettingWindow-3] INFO  c.m.b.u.onewin.OneWinNavigationUtil - ⏰ 💚 Waiting for page to be ready...
2026-01-18 00:58:17.432 [BettingWindow-3] INFO  c.m.b.u.onewin.OneWinNavigationUtil - ⏰ 💚 Waiting for page to be ready...
2026-01-18 00:58:17.951 [BettingWindow-3] INFO  c.m.b.u.onewin.OneWinNavigationUtil - Navigating to sport page: Table Tennis
2026-01-18 00:58:21.963 [BettingWindow-3] INFO  c.m.b.u.onewin.OneWinNavigationUtil - Successfully navigated to Table Tennis page
2026-01-18 00:58:21.963 [BettingWindow-3] INFO  c.m.b.u.onewin.OneWinNavigationUtil - ⏰ 💚 Waiting for page to be ready...
2026-01-18 00:59:26.910 [BettingWindow-3] INFO  c.m.b.u.onewin.OneWinNavigationUtil - Navigating to game: Oleksandr Mishchenko vs Yevhen Kryvorotko in league: International. Men. Setka Cup
2026-01-18 00:59:26.910 [BettingWindow-3] DEBUG c.m.b.u.onewin.OneWinNavigationUtil - Searching for league: International. Men. Setka Cup
2026-01-18 00:59:27.871 [BettingWindow-3] INFO  c.m.b.u.onewin.OneWinNavigationUtil - Successfully navigated to league: International. Men. Setka Cup
2026-01-18 00:59:28.222 [BettingWindow-3] DEBUG c.m.b.u.onewin.OneWinNavigationUtil - Searching for game with locators: Oleksandr Mishchenko vs Yevhen Kryvorotko
2026-01-18 00:59:28.276 [BettingWindow-3] DEBUG c.m.b.u.onewin.OneWinNavigationUtil - Found 1 match cards
2026-01-18 00:59:28.342 [BettingWindow-3] INFO  c.m.b.u.onewin.OneWinNavigationUtil - Found matching game: yevhen kryvorotko vs oleksandr mishchenko
2026-01-18 00:59:29.450 [BettingWindow-3] INFO  c.m.b.u.onewin.OneWinNavigationUtil - Successfully clicked game: Oleksandr Mishchenko vs Yevhen Kryvorotko
2026-01-18 00:59:29.916 [BettingWindow-3] INFO  c.m.b.u.onewin.OneWinNavigationUtil - Successfully navigated to game: Oleksandr Mishchenko vs Yevhen Kryvorotko
2026-01-18 00:59:30.913 [BettingWindow-3] INFO  c.m.b.u.onewin.OneWinNavigationUtil - ⏰ 💚 Waiting for page to be ready...
2026-01-18 01:00:28.470 [BettingWindow-3] INFO  c.m.b.u.onewin.OneWinNavigationUtil - Navigating to game: Oleksandr Mishchenko vs Yevhen Kryvorotko in league: International. Men. Setka Cup
2026-01-18 01:00:28.470 [BettingWindow-3] DEBUG c.m.b.u.onewin.OneWinNavigationUtil - Searching for league: International. Men. Setka Cup
2026-01-18 01:00:31.477 [BettingWindow-3] DEBUG c.m.b.u.onewin.OneWinNavigationUtil - Exact match not found, trying partial match for: International. Men. Setka Cup
2026-01-18 01:00:31.500 [BettingWindow-3] INFO  c.m.b.u.onewin.OneWinNavigationUtil - Returning to sport page: Table Tennis
2026-01-18 01:00:31.533 [BettingWindow-3] DEBUG c.m.b.u.onewin.OneWinNavigationUtil - Found back button using selector: button:has-text('Back'):has(svg[data-mirror-rtl])
2026-01-18 01:00:33.468 [BettingWindow-3] INFO  c.m.b.u.onewin.OneWinNavigationUtil - Clicked back button successfully
2026-01-18 01:00:34.907 [BettingWindow-3] INFO  c.m.b.u.onewin.OneWinNavigationUtil - Successfully returned to Table Tennis page
2026-01-18 01:00:34.907 [BettingWindow-3] INFO  c.m.b.u.onewin.OneWinNavigationUtil - ⏰ 💚 Waiting for page to be ready...
2026-01-18 01:01:50.888 [BettingWindow-3] INFO  c.m.b.u.onewin.OneWinNavigationUtil - Navigating to game: Holik, Simon vs Cerveny Jr, Tomas in league: International. TT Cup
2026-01-18 01:01:50.888 [BettingWindow-3] DEBUG c.m.b.u.onewin.OneWinNavigationUtil - Searching for league: International. TT Cup
2026-01-18 01:01:51.658 [BettingWindow-3] INFO  c.m.b.u.onewin.OneWinNavigationUtil - Successfully navigated to league: International. TT Cup
2026-01-18 01:01:51.889 [BettingWindow-3] DEBUG c.m.b.u.onewin.OneWinNavigationUtil - Searching for game with locators: Holik, Simon vs Cerveny Jr, Tomas
2026-01-18 01:01:51.925 [BettingWindow-3] DEBUG c.m.b.u.onewin.OneWinNavigationUtil - Found 1 match cards
2026-01-18 01:01:51.994 [BettingWindow-3] INFO  c.m.b.u.onewin.OneWinNavigationUtil - Found matching game: holik simon vs cerveny jr tomas
2026-01-18 01:01:53.376 [BettingWindow-3] INFO  c.m.b.u.onewin.OneWinNavigationUtil - Successfully clicked game: Holik, Simon vs Cerveny Jr, Tomas
2026-01-18 01:01:53.910 [BettingWindow-3] INFO  c.m.b.u.onewin.OneWinNavigationUtil - Successfully navigated to game: Holik, Simon vs Cerveny Jr, Tomas
2026-01-18 01:01:55.013 [BettingWindow-3] INFO  c.m.b.u.onewin.OneWinNavigationUtil - ⏰ 💚 Waiting for page to be ready...
2026-01-18 01:02:06.625 [BettingWindow-3] INFO  c.m.b.u.onewin.OneWinNavigationUtil - Returning to sport page: Table Tennis
2026-01-18 01:02:06.707 [BettingWindow-3] DEBUG c.m.b.u.onewin.OneWinNavigationUtil - Found back button using selector: button:has-text('Back'):has(svg[data-mirror-rtl])
2026-01-18 01:02:08.353 [BettingWindow-3] INFO  c.m.b.u.onewin.OneWinNavigationUtil - Clicked back button successfully
2026-01-18 01:02:09.554 [BettingWindow-3] INFO  c.m.b.u.onewin.OneWinNavigationUtil - Successfully returned to Table Tennis page
2026-01-18 01:02:09.554 [BettingWindow-3] INFO  c.m.b.u.onewin.OneWinNavigationUtil - ⏰ 💚 Waiting for page to be ready...
2026-01-18 01:03:01.880 [BettingWindow-3] INFO  c.m.b.u.onewin.OneWinNavigationUtil - Navigating to game: Plachy, Jiri vs Dedek, Jiri in league: Czech Republic. Liga Pro
2026-01-18 01:03:01.880 [BettingWindow-3] DEBUG c.m.b.u.onewin.OneWinNavigationUtil - Searching for league: Czech Republic. Liga Pro
2026-01-18 01:03:05.693 [BettingWindow-3] INFO  c.m.b.u.onewin.OneWinNavigationUtil - Successfully navigated to league: Czech Republic. Liga Pro
2026-01-18 01:03:06.191 [BettingWindow-3] DEBUG c.m.b.u.onewin.OneWinNavigationUtil - Searching for game with locators: Plachy, Jiri vs Dedek, Jiri
2026-01-18 01:03:06.432 [BettingWindow-3] DEBUG c.m.b.u.onewin.OneWinNavigationUtil - Found 2 match cards
2026-01-18 01:03:06.487 [BettingWindow-3] INFO  c.m.b.u.onewin.OneWinNavigationUtil - Found matching game: dedek jiri vs plachy jiri
2026-01-18 01:03:09.162 [BettingWindow-3] INFO  c.m.b.u.onewin.OneWinNavigationUtil - Successfully clicked game: Plachy, Jiri vs Dedek, Jiri
2026-01-18 01:03:09.658 [BettingWindow-3] INFO  c.m.b.u.onewin.OneWinNavigationUtil - Successfully navigated to game: Plachy, Jiri vs Dedek, Jiri
2026-01-18 01:03:10.577 [BettingWindow-3] INFO  c.m.b.u.onewin.OneWinNavigationUtil - ⏰ 💚 Waiting for page to be ready...
2026-01-18 01:03:19.552 [BettingWindow-3] INFO  c.m.b.u.onewin.OneWinNavigationUtil - Returning to sport page: Table Tennis
2026-01-18 01:03:19.573 [BettingWindow-3] DEBUG c.m.b.u.onewin.OneWinNavigationUtil - Found back button using selector: button:has-text('Back'):has(svg[data-mirror-rtl])
2026-01-18 01:03:24.729 [BettingWindow-3] INFO  c.m.b.u.onewin.OneWinNavigationUtil - Clicked back button successfully
2026-01-18 01:03:26.149 [BettingWindow-3] INFO  c.m.b.u.onewin.OneWinNavigationUtil - Successfully returned to Table Tennis page
2026-01-18 01:03:26.149 [BettingWindow-3] INFO  c.m.b.u.onewin.OneWinNavigationUtil - ⏰ 💚 Waiting for page to be ready...
2026-01-18 01:03:53.617 [BettingWindow-3] INFO  c.m.b.u.onewin.OneWinNavigationUtil - Navigating to game: Holik, Simon vs Cerveny Jr, Tomas in league: International. TT Cup
2026-01-18 01:03:53.617 [BettingWindow-3] DEBUG c.m.b.u.onewin.OneWinNavigationUtil - Searching for league: International. TT Cup
2026-01-18 01:03:54.597 [BettingWindow-3] INFO  c.m.b.u.onewin.OneWinNavigationUtil - Successfully navigated to league: International. TT Cup
2026-01-18 01:03:54.831 [BettingWindow-3] DEBUG c.m.b.u.onewin.OneWinNavigationUtil - Searching for game with locators: Holik, Simon vs Cerveny Jr, Tomas
2026-01-18 01:03:55.046 [BettingWindow-3] DEBUG c.m.b.u.onewin.OneWinNavigationUtil - Found 1 match cards
2026-01-18 01:03:55.098 [BettingWindow-3] INFO  c.m.b.u.onewin.OneWinNavigationUtil - Found matching game: holik simon vs cerveny jr tomas
2026-01-18 01:03:56.821 [BettingWindow-3] INFO  c.m.b.u.onewin.OneWinNavigationUtil - Successfully clicked game: Holik, Simon vs Cerveny Jr, Tomas
2026-01-18 01:03:57.111 [BettingWindow-3] INFO  c.m.b.u.onewin.OneWinNavigationUtil - Successfully navigated to game: Holik, Simon vs Cerveny Jr, Tomas
2026-01-18 01:03:58.322 [BettingWindow-3] INFO  c.m.b.u.onewin.OneWinNavigationUtil - ⏰ 💚 Waiting for page to be ready...
2026-01-18 01:04:03.933 [BettingWindow-3] INFO  c.m.b.u.onewin.OneWinNavigationUtil - Returning to sport page: Table Tennis
2026-01-18 01:04:03.964 [BettingWindow-3] DEBUG c.m.b.u.onewin.OneWinNavigationUtil - Found back button using selector: button:has-text('Back'):has(svg[data-mirror-rtl])
2026-01-18 01:04:08.403 [BettingWindow-3] INFO  c.m.b.u.onewin.OneWinNavigationUtil - Clicked back button successfully
2026-01-18 01:04:09.523 [BettingWindow-3] INFO  c.m.b.u.onewin.OneWinNavigationUtil - Successfully returned to Table Tennis page
2026-01-18 01:04:09.523 [BettingWindow-3] INFO  c.m.b.u.onewin.OneWinNavigationUtil - ⏰ 💚 Waiting for page to be ready...
2026-01-18 01:04:52.166 [BettingWindow-3] INFO  c.m.b.u.onewin.OneWinNavigationUtil - Navigating to game: Sulava, Lubor vs Stefek, Martin in league: Czech Republic. Liga Pro
2026-01-18 01:04:52.166 [BettingWindow-3] DEBUG c.m.b.u.onewin.OneWinNavigationUtil - Searching for league: Czech Republic. Liga Pro
2026-01-18 01:04:53.442 [BettingWindow-3] INFO  c.m.b.u.onewin.OneWinNavigationUtil - Successfully navigated to league: Czech Republic. Liga Pro
2026-01-18 01:04:53.649 [BettingWindow-3] DEBUG c.m.b.u.onewin.OneWinNavigationUtil - Searching for game with locators: Sulava, Lubor vs Stefek, Martin
2026-01-18 01:04:53.666 [BettingWindow-3] DEBUG c.m.b.u.onewin.OneWinNavigationUtil - Found 3 match cards
2026-01-18 01:04:53.761 [BettingWindow-3] INFO  c.m.b.u.onewin.OneWinNavigationUtil - Found matching game: stefek martin vs sulava lubor
2026-01-18 01:04:55.315 [BettingWindow-3] INFO  c.m.b.u.onewin.OneWinNavigationUtil - Successfully clicked game: Sulava, Lubor vs Stefek, Martin
2026-01-18 01:04:55.770 [BettingWindow-3] INFO  c.m.b.u.onewin.OneWinNavigationUtil - Successfully navigated to game: Sulava, Lubor vs Stefek, Martin
2026-01-18 01:04:57.265 [BettingWindow-3] INFO  c.m.b.u.onewin.OneWinNavigationUtil - ⏰ 💚 Waiting for page to be ready...
2026-01-18 01:05:08.136 [BettingWindow-3] INFO  c.m.b.u.onewin.OneWinNavigationUtil - Returning to sport page: Table Tennis
2026-01-18 01:05:08.169 [BettingWindow-3] DEBUG c.m.b.u.onewin.OneWinNavigationUtil - Found back button using selector: button:has-text('Back'):has(svg[data-mirror-rtl])
2026-01-18 01:05:11.133 [BettingWindow-3] INFO  c.m.b.u.onewin.OneWinNavigationUtil - Clicked back button successfully
2026-01-18 01:05:12.591 [BettingWindow-3] INFO  c.m.b.u.onewin.OneWinNavigationUtil - Successfully returned to Table Tennis page
2026-01-18 01:05:12.591 [BettingWindow-3] INFO  c.m.b.u.onewin.OneWinNavigationUtil - ⏰ 💚 Waiting for page to be ready...
2026-01-18 01:05:25.600 [BettingWindow-3] INFO  c.m.b.u.onewin.OneWinNavigationUtil - Navigating to game: Holik, Simon vs Cerveny Jr, Tomas in league: International. TT Cup
2026-01-18 01:05:25.600 [BettingWindow-3] DEBUG c.m.b.u.onewin.OneWinNavigationUtil - Searching for league: International. TT Cup
2026-01-18 01:05:26.836 [BettingWindow-3] INFO  c.m.b.u.onewin.OneWinNavigationUtil - Successfully navigated to league: International. TT Cup
2026-01-18 01:05:27.315 [BettingWindow-3] DEBUG c.m.b.u.onewin.OneWinNavigationUtil - Searching for game with locators: Holik, Simon vs Cerveny Jr, Tomas
2026-01-18 01:05:27.340 [BettingWindow-3] DEBUG c.m.b.u.onewin.OneWinNavigationUtil - Found 1 match cards
2026-01-18 01:05:27.368 [BettingWindow-3] INFO  c.m.b.u.onewin.OneWinNavigationUtil - Found matching game: holik simon vs cerveny jr tomas
2026-01-18 01:05:29.320 [BettingWindow-3] INFO  c.m.b.u.onewin.OneWinNavigationUtil - Successfully clicked game: Holik, Simon vs Cerveny Jr, Tomas
2026-01-18 01:05:29.739 [BettingWindow-3] INFO  c.m.b.u.onewin.OneWinNavigationUtil - Successfully navigated to game: Holik, Simon vs Cerveny Jr, Tomas
2026-01-18 01:05:30.688 [BettingWindow-3] INFO  c.m.b.u.onewin.OneWinNavigationUtil - ⏰ 💚 Waiting for page to be ready...
2026-01-18 01:05:36.180 [BettingWindow-3] INFO  c.m.b.u.onewin.OneWinNavigationUtil - Returning to sport page: Table Tennis
2026-01-18 01:05:36.202 [BettingWindow-3] DEBUG c.m.b.u.onewin.OneWinNavigationUtil - Found back button using selector: button:has-text('Back'):has(svg[data-mirror-rtl])
2026-01-18 01:05:42.437 [BettingWindow-3] INFO  c.m.b.u.onewin.OneWinNavigationUtil - Clicked back button successfully
2026-01-18 01:05:43.921 [BettingWindow-3] INFO  c.m.b.u.onewin.OneWinNavigationUtil - Successfully returned to Table Tennis page
2026-01-18 01:05:43.921 [BettingWindow-3] INFO  c.m.b.u.onewin.OneWinNavigationUtil - ⏰ 💚 Waiting for page to be ready...
2026-01-18 01:06:21.353 [BettingWindow-3] INFO  c.m.b.u.onewin.OneWinNavigationUtil - Navigating to game: Holik, Simon vs Cerveny Jr, Tomas in league: International. TT Cup
2026-01-18 01:06:21.353 [BettingWindow-3] DEBUG c.m.b.u.onewin.OneWinNavigationUtil - Searching for league: International. TT Cup
2026-01-18 01:06:21.952 [BettingWindow-3] INFO  c.m.b.u.onewin.OneWinNavigationUtil - Successfully navigated to league: International. TT Cup
2026-01-18 01:06:22.304 [BettingWindow-3] DEBUG c.m.b.u.onewin.OneWinNavigationUtil - Searching for game with locators: Holik, Simon vs Cerveny Jr, Tomas
2026-01-18 01:06:22.389 [BettingWindow-3] DEBUG c.m.b.u.onewin.OneWinNavigationUtil - Found 1 match cards
2026-01-18 01:06:22.437 [BettingWindow-3] INFO  c.m.b.u.onewin.OneWinNavigationUtil - Found matching game: holik simon vs cerveny jr tomas
2026-01-18 01:06:23.818 [BettingWindow-3] INFO  c.m.b.u.onewin.OneWinNavigationUtil - Successfully clicked game: Holik, Simon vs Cerveny Jr, Tomas
2026-01-18 01:06:24.294 [BettingWindow-3] INFO  c.m.b.u.onewin.OneWinNavigationUtil - Successfully navigated to game: Holik, Simon vs Cerveny Jr, Tomas
2026-01-18 01:06:25.435 [BettingWindow-3] INFO  c.m.b.u.onewin.OneWinNavigationUtil - ⏰ 💚 Waiting for page to be ready...
2026-01-18 01:06:32.820 [BettingWindow-3] INFO  c.m.b.u.onewin.OneWinNavigationUtil - Navigating to game: Holik, Simon vs Cerveny Jr, Tomas in league: International. TT Cup
2026-01-18 01:06:32.820 [BettingWindow-3] DEBUG c.m.b.u.onewin.OneWinNavigationUtil - Searching for league: International. TT Cup
2026-01-18 01:06:35.834 [BettingWindow-3] DEBUG c.m.b.u.onewin.OneWinNavigationUtil - Exact match not found, trying partial match for: International. TT Cup
2026-01-18 01:06:35.892 [BettingWindow-3] INFO  c.m.b.u.onewin.OneWinNavigationUtil - Returning to sport page: Table Tennis
2026-01-18 01:06:35.980 [BettingWindow-3] DEBUG c.m.b.u.onewin.OneWinNavigationUtil - Found back button using selector: button:has-text('Back'):has(svg[data-mirror-rtl])
2026-01-18 01:06:37.430 [BettingWindow-3] INFO  c.m.b.u.onewin.OneWinNavigationUtil - Clicked back button successfully
2026-01-18 01:06:38.742 [BettingWindow-3] INFO  c.m.b.u.onewin.OneWinNavigationUtil - Successfully returned to Table Tennis page
2026-01-18 01:06:38.743 [BettingWindow-3] INFO  c.m.b.u.onewin.OneWinNavigationUtil - ⏰ 💚 Waiting for page to be ready...
2026-01-18 01:06:56.854 [BettingWindow-3] INFO  c.m.b.u.onewin.OneWinNavigationUtil - Navigating to game: Holik, Simon vs Cerveny Jr, Tomas in league: International. TT Cup
2026-01-18 01:06:56.854 [BettingWindow-3] DEBUG c.m.b.u.onewin.OneWinNavigationUtil - Searching for league: International. TT Cup
2026-01-18 01:06:57.476 [BettingWindow-3] INFO  c.m.b.u.onewin.OneWinNavigationUtil - Successfully navigated to league: International. TT Cup
2026-01-18 01:06:57.956 [BettingWindow-3] DEBUG c.m.b.u.onewin.OneWinNavigationUtil - Searching for game with locators: Holik, Simon vs Cerveny Jr, Tomas
2026-01-18 01:06:57.976 [BettingWindow-3] DEBUG c.m.b.u.onewin.OneWinNavigationUtil - Found 1 match cards
2026-01-18 01:06:58.008 [BettingWindow-3] INFO  c.m.b.u.onewin.OneWinNavigationUtil - Found matching game: holik simon vs cerveny jr tomas
2026-01-18 01:06:59.375 [BettingWindow-3] INFO  c.m.b.u.onewin.OneWinNavigationUtil - Successfully clicked game: Holik, Simon vs Cerveny Jr, Tomas
2026-01-18 01:06:59.781 [BettingWindow-3] INFO  c.m.b.u.onewin.OneWinNavigationUtil - Successfully navigated to game: Holik, Simon vs Cerveny Jr, Tomas
2026-01-18 01:07:00.645 [BettingWindow-3] INFO  c.m.b.u.onewin.OneWinNavigationUtil - ⏰ 💚 Waiting for page to be ready...
2026-01-18 01:07:10.343 [BettingWindow-3] INFO  c.m.b.u.onewin.OneWinNavigationUtil - Navigating to game: Holik, Simon vs Cerveny Jr, Tomas in league: International. TT Cup
2026-01-18 01:07:10.343 [BettingWindow-3] DEBUG c.m.b.u.onewin.OneWinNavigationUtil - Searching for league: International. TT Cup
2026-01-18 01:07:13.359 [BettingWindow-3] DEBUG c.m.b.u.onewin.OneWinNavigationUtil - Exact match not found, trying partial match for: International. TT Cup
2026-01-18 01:07:13.376 [BettingWindow-3] INFO  c.m.b.u.onewin.OneWinNavigationUtil - Returning to sport page: Table Tennis
2026-01-18 01:07:13.408 [BettingWindow-3] DEBUG c.m.b.u.onewin.OneWinNavigationUtil - Found back button using selector: button:has-text('Back'):has(svg[data-mirror-rtl])
2026-01-18 01:07:14.964 [BettingWindow-3] INFO  c.m.b.u.onewin.OneWinNavigationUtil - Clicked back button successfully
2026-01-18 01:07:16.708 [BettingWindow-3] INFO  c.m.b.u.onewin.OneWinNavigationUtil - Successfully returned to Table Tennis page
2026-01-18 01:07:16.708 [BettingWindow-3] INFO  c.m.b.u.onewin.OneWinNavigationUtil - ⏰ 💚 Waiting for page to be ready...
2026-01-18 01:12:18.839 [BettingWindow-3] INFO  c.m.b.u.onewin.OneWinNavigationUtil - Navigating to game: Plachy, Jiri vs Dedek, Jiri in league: Czech Republic. Liga Pro
2026-01-18 01:12:18.839 [BettingWindow-3] DEBUG c.m.b.u.onewin.OneWinNavigationUtil - Searching for league: Czech Republic. Liga Pro
2026-01-18 01:12:20.961 [BettingWindow-3] INFO  c.m.b.u.onewin.OneWinNavigationUtil - Successfully navigated to league: Czech Republic. Liga Pro
2026-01-18 01:12:21.194 [BettingWindow-3] DEBUG c.m.b.u.onewin.OneWinNavigationUtil - Searching for game with locators: Plachy, Jiri vs Dedek, Jiri
2026-01-18 01:12:23.716 [BettingWindow-3] DEBUG c.m.b.u.onewin.OneWinNavigationUtil - Found 3 match cards
2026-01-18 01:12:23.792 [BettingWindow-3] INFO  c.m.b.u.onewin.OneWinNavigationUtil - Found matching game: dedek jiri vs plachy jiri
2026-01-18 01:12:28.332 [BettingWindow-3] INFO  c.m.b.u.onewin.OneWinNavigationUtil - Successfully clicked game: Plachy, Jiri vs Dedek, Jiri
2026-01-18 01:12:28.737 [BettingWindow-3] INFO  c.m.b.u.onewin.OneWinNavigationUtil - Successfully navigated to game: Plachy, Jiri vs Dedek, Jiri
2026-01-18 01:12:29.675 [BettingWindow-3] INFO  c.m.b.u.onewin.OneWinNavigationUtil - ⏰ 💚 Waiting for page to be ready...
2026-01-18 01:13:04.619 [BettingWindow-3] INFO  c.m.b.u.onewin.OneWinNavigationUtil - Navigating to game: Plachy, Jiri vs Dedek, Jiri in league: Czech Republic. Liga Pro
2026-01-18 01:13:04.619 [BettingWindow-3] DEBUG c.m.b.u.onewin.OneWinNavigationUtil - Searching for league: Czech Republic. Liga Pro
2026-01-18 01:13:07.634 [BettingWindow-3] DEBUG c.m.b.u.onewin.OneWinNavigationUtil - Exact match not found, trying partial match for: Czech Republic. Liga Pro
2026-01-18 01:13:07.648 [BettingWindow-3] INFO  c.m.b.u.onewin.OneWinNavigationUtil - Returning to sport page: Table Tennis
2026-01-18 01:13:07.663 [BettingWindow-3] DEBUG c.m.b.u.onewin.OneWinNavigationUtil - Found back button using selector: button:has-text('Back'):has(svg[data-mirror-rtl])
